[0.008s] Invoking command in '/home/wzd/cpp/ROS2_topic/topic_ws/build/demo_cpp_topic': CMAKE_PREFIX_PATH=/opt/ros/humble /usr/bin/cmake --build /home/wzd/cpp/ROS2_topic/topic_ws/build/demo_cpp_topic -- -j16 -l16
[0.035s] -- Found ament_cmake: 1.3.12 (/opt/ros/humble/share/ament_cmake/cmake)
[0.141s] -- Found rclcpp: 16.0.15 (/opt/ros/humble/share/rclcpp/cmake)
[0.169s] -- Found rosidl_generator_c: 3.1.7 (/opt/ros/humble/share/rosidl_generator_c/cmake)
[0.171s] -- Found rosidl_adapter: 3.1.7 (/opt/ros/humble/share/rosidl_adapter/cmake)
[0.178s] -- Found rosidl_generator_cpp: 3.1.7 (/opt/ros/humble/share/rosidl_generator_cpp/cmake)
[0.186s] -- Using all available rosidl_typesupport_c: rosidl_typesupport_fastrtps_c;rosidl_typesupport_introspection_c
[0.197s] -- Using all available rosidl_typesupport_cpp: rosidl_typesupport_fastrtps_cpp;rosidl_typesupport_introspection_cpp
[0.227s] -- Found rmw_implementation_cmake: 6.1.2 (/opt/ros/humble/share/rmw_implementation_cmake/cmake)
[0.228s] -- Found rmw_fastrtps_cpp: 6.2.9 (/opt/ros/humble/share/rmw_fastrtps_cpp/cmake)
[0.316s] -- Using RMW implementation 'rmw_fastrtps_cpp' as default
[0.360s] -- Found geometry_msgs: 4.9.0 (/opt/ros/humble/share/geometry_msgs/cmake)
[0.371s] -- Found turtlesim: 1.4.3 (/opt/ros/humble/share/turtlesim/cmake)
[0.404s] -- Found ament_lint_auto: 0.12.14 (/opt/ros/humble/share/ament_lint_auto/cmake)
[0.466s] -- Added test 'cppcheck' to perform static code analysis on C / C++ code
[0.466s] -- Configured cppcheck include dirs: 
[0.466s] -- Configured cppcheck exclude dirs and/or files: 
[0.467s] -- Added test 'lint_cmake' to check CMake code style
[0.468s] -- Added test 'uncrustify' to check C / C++ code style
[0.468s] -- Configured uncrustify additional arguments: 
[0.468s] -- Added test 'xmllint' to check XML markup files
[0.469s] -- Configuring done
[0.483s] -- Generating done
[0.487s] -- Build files have been written to: /home/wzd/cpp/ROS2_topic/topic_ws/build/demo_cpp_topic
[0.513s] [35m[1mConsolidate compiler generated dependencies of target turtle_circle[0m
[0.522s] [ 25%] [32mBuilding CXX object CMakeFiles/turtle_control.dir/src/turtle_control.cpp.o[0m
[0.530s] [ 50%] [32mBuilding CXX object CMakeFiles/turtle_circle.dir/src/turtle_circle.cpp.o[0m
[2.319s] In file included from [01m[K/usr/include/c++/11/pstl/glue_algorithm_defs.h:13[m[K,
[2.319s]                  from [01m[K/usr/include/c++/11/algorithm:74[m[K,
[2.319s]                  from [01m[K/opt/ros/humble/include/rclcpp/rclcpp/executor.hpp:18[m[K,
[2.319s]                  from [01m[K/opt/ros/humble/include/rclcpp/rclcpp/executors/multi_threaded_executor.hpp:25[m[K,
[2.319s]                  from [01m[K/opt/ros/humble/include/rclcpp/rclcpp/executors.hpp:21[m[K,
[2.319s]                  from [01m[K/opt/ros/humble/include/rclcpp/rclcpp/rclcpp.hpp:155[m[K,
[2.319s]                  from [01m[K/home/wzd/cpp/ROS2_topic/topic_ws/demo_cpp_topic/src/turtle_control.cpp:2[m[K:
[2.319s] /usr/include/c++/11/functional: In instantiation of ‘[01m[Kstruct std::_Bind_check_arity<void (TurtleContralNode::*)(std::shared_ptr<turtlesim::msg::Pose_<std::allocator<void> > >), TurtleContralNode*>[m[K’:
[2.320s] [01m[K/usr/include/c++/11/functional:768:12:[m[K   required from ‘[01m[Kstruct std::_Bind_helper<false, void (TurtleContralNode::*)(std::shared_ptr<turtlesim::msg::Pose_<std::allocator<void> > >), TurtleContralNode*>[m[K’
[2.320s] [01m[K/usr/include/c++/11/functional:789:5:[m[K   required by substitution of ‘[01m[Ktemplate<class _Func, class ... _BoundArgs> typename std::_Bind_helper<std::__is_socketlike<_Func>::value, _Func, _BoundArgs ...>::type std::bind(_Func&&, _BoundArgs&& ...) [with _Func = void (TurtleContralNode::*)(std::shared_ptr<turtlesim::msg::Pose_<std::allocator<void> > >); _BoundArgs = {TurtleContralNode*}][m[K’
[2.320s] [01m[K/home/wzd/cpp/ROS2_topic/topic_ws/demo_cpp_topic/src/turtle_control.cpp:28:68:[m[K   required from here
[2.320s] [01m[K/usr/include/c++/11/functional:756:21:[m[K [01;31m[Kerror: [m[Kstatic assertion failed: Wrong number of arguments for pointer-to-member
[2.320s]   755 |       static_assert(_Varargs::[01;31m[Kvalue[m[K
[2.320s]       |                               [01;31m[K~~~~~[m[K
[2.320s]   756 | [01;31m[K                    ? sizeof...(_BoundArgs) >= _Arity::value + 1[m[K
[2.320s]       |                     [01;31m[K^~~~~~~~~~~~~~~~~~~~~~~~~~~~~~~~~~~~~~~~~~~~[m[K
[2.320s]   757 | [01;31m[K                    : sizeof...(_BoundArgs) == _Arity::value + 1[m[K,
[2.320s]       |                     [01;31m[K~~~~~~~~~~~~~~~~~~~~~~~~~~~~~~~~~~~~~~~~~~~~[m[K
[2.320s] [01m[K/usr/include/c++/11/functional:756:21:[m[K [01;36m[Knote: [m[K‘[01m[K(false ? (1 >= (((long unsigned int)std::integral_constant<long unsigned int, 1>::value) + 1)) : (1 == (((long unsigned int)std::integral_constant<long unsigned int, 1>::value) + 1)))[m[K’ evaluates to false
[2.321s] [01m[K/home/wzd/cpp/ROS2_topic/topic_ws/demo_cpp_topic/src/turtle_control.cpp:[m[K In constructor ‘[01m[KTurtleContralNode::TurtleContralNode(const string&)[m[K’:
[2.322s] [01m[K/home/wzd/cpp/ROS2_topic/topic_ws/demo_cpp_topic/src/turtle_control.cpp:27:63:[m[K [01;31m[Kerror: [m[Kno matching function for call to ‘[01m[KTurtleContralNode::create_subscription<turtlesim::msg::Pose>(const char [14], int, std::_Bind_helper<false, void (TurtleContralNode::*)(std::shared_ptr<turtlesim::msg::Pose_<std::allocator<void> > >), TurtleContralNode*>::type, const std::_Placeholder<1>&)[m[K’
[2.322s]    27 |         subscriber = [01;31m[Kcreate_subscription<turtlesim::msg::Pose>("/turtle1/pose", 10,[m[K
[2.322s]       |                      [01;31m[K~~~~~~~~~~~~~~~~~~~~~~~~~~~~~~~~~~~~~~~~~^~~~~~~~~~~~~~~~~~~~~[m[K
[2.322s]    28 | [01;31m[K                                                               bind(&TurtleContralNode::on_pose_received, this), std::placeholders::_1)[m[K; //回调函数里引入了参数，这里也要占一位
[2.322s]       |                                                                [01;31m[K~~~~~~~~~~~~~~~~~~~~~~~~~~~~~~~~~~~~~~~~~~~~~~~~~~~~~~~~~~~~~~~~~~~~~~~~[m[K
[2.322s] In file included from [01m[K/opt/ros/humble/include/rclcpp/rclcpp/executors/single_threaded_executor.hpp:28[m[K,
[2.322s]                  from [01m[K/opt/ros/humble/include/rclcpp/rclcpp/executors.hpp:22[m[K,
[2.322s]                  from [01m[K/opt/ros/humble/include/rclcpp/rclcpp/rclcpp.hpp:155[m[K,
[2.322s]                  from [01m[K/home/wzd/cpp/ROS2_topic/topic_ws/demo_cpp_topic/src/turtle_control.cpp:2[m[K:
[2.322s] [01m[K/opt/ros/humble/include/rclcpp/rclcpp/node.hpp:219:3:[m[K [01;36m[Knote: [m[Kcandidate: ‘[01m[Ktemplate<class MessageT, class CallbackT, class AllocatorT, class SubscriptionT, class MessageMemoryStrategyT> std::shared_ptr<ROSMessageT> rclcpp::Node::create_subscription(const string&, const rclcpp::QoS&, CallbackT&&, const rclcpp::SubscriptionOptionsWithAllocator<AllocatorT>&, typename MessageMemoryStrategyT::SharedPtr)[m[K’
[2.322s]   219 |   [01;36m[Kcreate_subscription[m[K(
[2.322s]       |   [01;36m[K^~~~~~~~~~~~~~~~~~~[m[K
[2.322s] [01m[K/opt/ros/humble/include/rclcpp/rclcpp/node.hpp:219:3:[m[K [01;36m[Knote: [m[K  template argument deduction/substitution failed:
[2.322s] [01m[K/home/wzd/cpp/ROS2_topic/topic_ws/demo_cpp_topic/src/turtle_control.cpp:27:63:[m[K [01;36m[Knote: [m[K  ‘[01m[Kconst std::_Placeholder<1>[m[K’ is not derived from ‘[01m[Kconst rclcpp::SubscriptionOptionsWithAllocator<AllocatorT>[m[K’
[2.322s]    27 |         subscriber = [01;36m[Kcreate_subscription<turtlesim::msg::Pose>("/turtle1/pose", 10,[m[K
[2.322s]       |                      [01;36m[K~~~~~~~~~~~~~~~~~~~~~~~~~~~~~~~~~~~~~~~~~^~~~~~~~~~~~~~~~~~~~~[m[K
[2.322s]    28 | [01;36m[K                                                               bind(&TurtleContralNode::on_pose_received, this), std::placeholders::_1)[m[K; //回调函数里引入了参数，这里也要占一位
[2.322s]       |                                                                [01;36m[K~~~~~~~~~~~~~~~~~~~~~~~~~~~~~~~~~~~~~~~~~~~~~~~~~~~~~~~~~~~~~~~~~~~~~~~~[m[K
[2.908s] gmake[2]: *** [CMakeFiles/turtle_control.dir/build.make:76：CMakeFiles/turtle_control.dir/src/turtle_control.cpp.o] 错误 1
[2.908s] gmake[1]: *** [CMakeFiles/Makefile2:165：CMakeFiles/turtle_control.dir/all] 错误 2
[2.908s] gmake[1]: *** 正在等待未完成的任务....
[3.720s] [ 75%] [32m[1mLinking CXX executable turtle_circle[0m
[3.874s] [ 75%] Built target turtle_circle
[3.875s] gmake: *** [Makefile:146：all] 错误 2
[3.877s] Invoked command in '/home/wzd/cpp/ROS2_topic/topic_ws/build/demo_cpp_topic' returned '2': CMAKE_PREFIX_PATH=/opt/ros/humble /usr/bin/cmake --build /home/wzd/cpp/ROS2_topic/topic_ws/build/demo_cpp_topic -- -j16 -l16
