[0.007s] Invoking command in '/home/wzd/cpp/ROS2_topic/msg_interface_ws/build/msg_interface': CMAKE_PREFIX_PATH=/opt/ros/humble /usr/bin/cmake /home/wzd/cpp/ROS2_topic/msg_interface_ws/msg_interface -DCMAKE_INSTALL_PREFIX=/home/wzd/cpp/ROS2_topic/msg_interface_ws/install/msg_interface
[0.017s] -- Found ament_cmake: 1.3.12 (/opt/ros/humble/share/ament_cmake/cmake)
[0.105s] -- Found builtin_interfaces: 1.2.2 (/opt/ros/humble/share/builtin_interfaces/cmake)
[0.135s] -- Found rosidl_generator_c: 3.1.7 (/opt/ros/humble/share/rosidl_generator_c/cmake)
[0.139s] -- Found rosidl_adapter: 3.1.7 (/opt/ros/humble/share/rosidl_adapter/cmake)
[0.147s] -- Found rosidl_generator_cpp: 3.1.7 (/opt/ros/humble/share/rosidl_generator_cpp/cmake)
[0.157s] -- Using all available rosidl_typesupport_c: rosidl_typesupport_fastrtps_c;rosidl_typesupport_introspection_c
[0.170s] -- Using all available rosidl_typesupport_cpp: rosidl_typesupport_fastrtps_cpp;rosidl_typesupport_introspection_cpp
[0.183s] -- Found rosidl_default_generators: 1.2.0 (/opt/ros/humble/share/rosidl_default_generators/cmake)
[0.190s] [31mCMake Error at /opt/ros/humble/share/rosidl_cmake/cmake/rosidl_generate_interfaces.cmake:93 (message):
[0.190s]   rosidl_generate_interfaces() the passed file 'msg/SystemStatus.msg' doesn't
[0.190s]   exist relative to the CMAKE_CURRENT_SOURCE_DIR
[0.190s]   '/home/wzd/cpp/ROS2_topic/msg_interface_ws/msg_interface'
[0.190s] Call Stack (most recent call first):
[0.190s]   CMakeLists.txt:13 (rosidl_generate_interfaces)
[0.190s] 
[0.190s] [0m
[0.190s] -- Configuring incomplete, errors occurred!
[0.191s] See also "/home/wzd/cpp/ROS2_topic/msg_interface_ws/build/msg_interface/CMakeFiles/CMakeOutput.log".
[0.194s] Invoked command in '/home/wzd/cpp/ROS2_topic/msg_interface_ws/build/msg_interface' returned '1': CMAKE_PREFIX_PATH=/opt/ros/humble /usr/bin/cmake /home/wzd/cpp/ROS2_topic/msg_interface_ws/msg_interface -DCMAKE_INSTALL_PREFIX=/home/wzd/cpp/ROS2_topic/msg_interface_ws/install/msg_interface
