[0.007s] Invoking command in '/home/wzd/cpp/ROS2_topic/msg_interface_ws/build/msg_interface': CMAKE_PREFIX_PATH=/opt/ros/humble /usr/bin/cmake /home/wzd/cpp/ROS2_topic/msg_interface_ws/msg_interface -DCMAKE_INSTALL_PREFIX=/home/wzd/cpp/ROS2_topic/msg_interface_ws/install/msg_interface
[0.017s] -- Found ament_cmake: 1.3.12 (/opt/ros/humble/share/ament_cmake/cmake)
[0.117s] [31mCMake Error at CMakeLists.txt:10 (find_package):
[0.117s]   By not providing "Findbuiltin_interface.cmake" in CMAKE_MODULE_PATH this
[0.117s]   project has asked CMake to find a package configuration file provided by
[0.117s]   "builtin_interface", but CMake did not find one.
[0.117s] 
[0.117s]   Could not find a package configuration file provided by "builtin_interface"
[0.117s]   with any of the following names:
[0.117s] 
[0.117s]     builtin_interfaceConfig.cmake
[0.117s]     builtin_interface-config.cmake
[0.117s] 
[0.117s]   Add the installation prefix of "builtin_interface" to CMAKE_PREFIX_PATH or
[0.117s]   set "builtin_interface_DIR" to a directory containing one of the above
[0.117s]   files.  If "builtin_interface" provides a separate development package or
[0.117s]   SDK, be sure it has been installed.
[0.118s] 
[0.118s] [0m
[0.118s] -- Configuring incomplete, errors occurred!
[0.118s] See also "/home/wzd/cpp/ROS2_topic/msg_interface_ws/build/msg_interface/CMakeFiles/CMakeOutput.log".
[0.119s] Invoked command in '/home/wzd/cpp/ROS2_topic/msg_interface_ws/build/msg_interface' returned '1': CMAKE_PREFIX_PATH=/opt/ros/humble /usr/bin/cmake /home/wzd/cpp/ROS2_topic/msg_interface_ws/msg_interface -DCMAKE_INSTALL_PREFIX=/home/wzd/cpp/ROS2_topic/msg_interface_ws/install/msg_interface
