[0.028s] Invoking command in '/home/wzd/cpp/ROS2_node/build/demo_cpp_pkg': CMAKE_PREFIX_PATH=/opt/ros/humble /usr/bin/cmake /home/wzd/cpp/ROS2_node/demo_cpp_pkg -DCMAKE_INSTALL_PREFIX=/home/wzd/cpp/ROS2_node/install/demo_cpp_pkg
[0.163s] -- The C compiler identification is GNU 11.4.0
[0.296s] -- The CXX compiler identification is GNU 11.4.0
[0.318s] -- Detecting C compiler ABI info
[0.493s] -- Detecting C compiler ABI info - done
[0.512s] -- Check for working C compiler: /usr/bin/cc - skipped
[0.513s] -- Detecting C compile features
[0.514s] -- Detecting C compile features - done
[0.522s] -- Detecting CXX compiler ABI info
[0.726s] -- Detecting CXX compiler ABI info - done
[0.743s] -- Check for working CXX compiler: /usr/bin/c++ - skipped
[0.744s] -- Detecting CXX compile features
[0.745s] -- Detecting CXX compile features - done
[0.751s] -- Found ament_cmake: 1.3.12 (/opt/ros/humble/share/ament_cmake/cmake)
[1.094s] -- Found Python3: /usr/bin/python3 (found version "3.10.12") found components: Interpreter 
[1.289s] -- Found rclcpp: 16.0.15 (/opt/ros/humble/share/rclcpp/cmake)
[1.379s] -- Found rosidl_generator_c: 3.1.7 (/opt/ros/humble/share/rosidl_generator_c/cmake)
[1.390s] -- Found rosidl_adapter: 3.1.7 (/opt/ros/humble/share/rosidl_adapter/cmake)
[1.407s] -- Found rosidl_generator_cpp: 3.1.7 (/opt/ros/humble/share/rosidl_generator_cpp/cmake)
[1.435s] -- Using all available rosidl_typesupport_c: rosidl_typesupport_fastrtps_c;rosidl_typesupport_introspection_c
[1.470s] -- Using all available rosidl_typesupport_cpp: rosidl_typesupport_fastrtps_cpp;rosidl_typesupport_introspection_cpp
[1.563s] -- Found rmw_implementation_cmake: 6.1.2 (/opt/ros/humble/share/rmw_implementation_cmake/cmake)
[1.569s] -- Found rmw_fastrtps_cpp: 6.2.9 (/opt/ros/humble/share/rmw_fastrtps_cpp/cmake)
[1.777s] -- Found OpenSSL: /usr/lib/x86_64-linux-gnu/libcrypto.so (found version "3.0.2")  
[1.846s] -- Found FastRTPS: /opt/ros/humble/include  
[1.948s] -- Using RMW implementation 'rmw_fastrtps_cpp' as default
[1.965s] -- Looking for pthread.h
[2.139s] -- Looking for pthread.h - found
[2.140s] -- Performing Test CMAKE_HAVE_LIBC_PTHREAD
[2.317s] -- Performing Test CMAKE_HAVE_LIBC_PTHREAD - Success
[2.320s] -- Found Threads: TRUE  
[2.435s] -- Found ament_lint_auto: 0.12.14 (/opt/ros/humble/share/ament_lint_auto/cmake)
[2.619s] -- Added test 'cppcheck' to perform static code analysis on C / C++ code
[2.619s] -- Configured cppcheck include dirs: 
[2.619s] -- Configured cppcheck exclude dirs and/or files: 
[2.627s] -- Added test 'lint_cmake' to check CMake code style
[2.644s] -- Added test 'uncrustify' to check C / C++ code style
[2.645s] -- Configured uncrustify additional arguments: 
[2.648s] -- Added test 'xmllint' to check XML markup files
[2.650s] -- Configuring done
[2.677s] -- Generating done
[2.687s] -- Build files have been written to: /home/wzd/cpp/ROS2_node/build/demo_cpp_pkg
[2.704s] Invoked command in '/home/wzd/cpp/ROS2_node/build/demo_cpp_pkg' returned '0': CMAKE_PREFIX_PATH=/opt/ros/humble /usr/bin/cmake /home/wzd/cpp/ROS2_node/demo_cpp_pkg -DCMAKE_INSTALL_PREFIX=/home/wzd/cpp/ROS2_node/install/demo_cpp_pkg
[2.709s] Invoking command in '/home/wzd/cpp/ROS2_node/build/demo_cpp_pkg': CMAKE_PREFIX_PATH=/opt/ros/humble /usr/bin/cmake --build /home/wzd/cpp/ROS2_node/build/demo_cpp_pkg -- -j16 -l16
[2.829s] [ 25%] [32mBuilding CXX object CMakeFiles/person_node.dir/src/person_node.cpp.o[0m
[2.830s] [ 50%] [32mBuilding CXX object CMakeFiles/cpp_node.dir/src/cpp_node.cpp.o[0m
[8.709s] [ 75%] [32m[1mLinking CXX executable cpp_node[0m
[8.786s] [100%] [32m[1mLinking CXX executable person_node[0m
[8.876s] [100%] Built target cpp_node
[8.940s] [100%] Built target person_node
[8.959s] Invoked command in '/home/wzd/cpp/ROS2_node/build/demo_cpp_pkg' returned '0': CMAKE_PREFIX_PATH=/opt/ros/humble /usr/bin/cmake --build /home/wzd/cpp/ROS2_node/build/demo_cpp_pkg -- -j16 -l16
[8.976s] Invoking command in '/home/wzd/cpp/ROS2_node/build/demo_cpp_pkg': CMAKE_PREFIX_PATH=/opt/ros/humble /usr/bin/cmake --install /home/wzd/cpp/ROS2_node/build/demo_cpp_pkg
[8.986s] -- Install configuration: ""
[8.987s] -- Installing: /home/wzd/cpp/ROS2_node/install/demo_cpp_pkg/lib/demo_cpp_pkg/cpp_node
[8.988s] -- Set runtime path of "/home/wzd/cpp/ROS2_node/install/demo_cpp_pkg/lib/demo_cpp_pkg/cpp_node" to ""
[8.988s] -- Installing: /home/wzd/cpp/ROS2_node/install/demo_cpp_pkg/lib/demo_cpp_pkg/person_node
[8.989s] -- Set runtime path of "/home/wzd/cpp/ROS2_node/install/demo_cpp_pkg/lib/demo_cpp_pkg/person_node" to ""
[8.989s] -- Installing: /home/wzd/cpp/ROS2_node/install/demo_cpp_pkg/share/ament_index/resource_index/package_run_dependencies/demo_cpp_pkg
[8.989s] -- Installing: /home/wzd/cpp/ROS2_node/install/demo_cpp_pkg/share/ament_index/resource_index/parent_prefix_path/demo_cpp_pkg
[8.990s] -- Installing: /home/wzd/cpp/ROS2_node/install/demo_cpp_pkg/share/demo_cpp_pkg/environment/ament_prefix_path.sh
[8.990s] -- Installing: /home/wzd/cpp/ROS2_node/install/demo_cpp_pkg/share/demo_cpp_pkg/environment/ament_prefix_path.dsv
[8.991s] -- Installing: /home/wzd/cpp/ROS2_node/install/demo_cpp_pkg/share/demo_cpp_pkg/environment/path.sh
[8.991s] -- Installing: /home/wzd/cpp/ROS2_node/install/demo_cpp_pkg/share/demo_cpp_pkg/environment/path.dsv
[8.991s] -- Installing: /home/wzd/cpp/ROS2_node/install/demo_cpp_pkg/share/demo_cpp_pkg/local_setup.bash
[8.992s] -- Installing: /home/wzd/cpp/ROS2_node/install/demo_cpp_pkg/share/demo_cpp_pkg/local_setup.sh
[8.992s] -- Installing: /home/wzd/cpp/ROS2_node/install/demo_cpp_pkg/share/demo_cpp_pkg/local_setup.zsh
[8.992s] -- Installing: /home/wzd/cpp/ROS2_node/install/demo_cpp_pkg/share/demo_cpp_pkg/local_setup.dsv
[8.992s] -- Installing: /home/wzd/cpp/ROS2_node/install/demo_cpp_pkg/share/demo_cpp_pkg/package.dsv
[8.993s] -- Installing: /home/wzd/cpp/ROS2_node/install/demo_cpp_pkg/share/ament_index/resource_index/packages/demo_cpp_pkg
[8.993s] -- Installing: /home/wzd/cpp/ROS2_node/install/demo_cpp_pkg/share/demo_cpp_pkg/cmake/demo_cpp_pkgConfig.cmake
[8.993s] -- Installing: /home/wzd/cpp/ROS2_node/install/demo_cpp_pkg/share/demo_cpp_pkg/cmake/demo_cpp_pkgConfig-version.cmake
[8.994s] -- Installing: /home/wzd/cpp/ROS2_node/install/demo_cpp_pkg/share/demo_cpp_pkg/package.xml
[8.997s] Invoked command in '/home/wzd/cpp/ROS2_node/build/demo_cpp_pkg' returned '0': CMAKE_PREFIX_PATH=/opt/ros/humble /usr/bin/cmake --install /home/wzd/cpp/ROS2_node/build/demo_cpp_pkg
