[0.006s] Invoking command in '/home/wzd/cpp/ROS2_topic/msg_interface_ws/build/msg_interface': CMAKE_PREFIX_PATH=/opt/ros/humble /usr/bin/cmake /home/wzd/cpp/ROS2_topic/msg_interface_ws/src/msg_interface -DCMAKE_INSTALL_PREFIX=/home/wzd/cpp/ROS2_topic/msg_interface_ws/install/msg_interface
[0.050s] -- The C compiler identification is GNU 11.4.0
[0.091s] -- The CXX compiler identification is GNU 11.4.0
[0.096s] -- Detecting C compiler ABI info
[0.151s] -- Detecting C compiler ABI info - done
[0.156s] -- Check for working C compiler: /usr/bin/cc - skipped
[0.156s] -- Detecting C compile features
[0.156s] -- Detecting C compile features - done
[0.158s] -- Detecting CXX compiler ABI info
[0.221s] -- Detecting CXX compiler ABI info - done
[0.226s] -- Check for working CXX compiler: /usr/bin/c++ - skipped
[0.226s] -- Detecting CXX compile features
[0.227s] -- Detecting CXX compile features - done
[0.228s] -- Found ament_cmake: 1.3.12 (/opt/ros/humble/share/ament_cmake/cmake)
[0.335s] -- Found Python3: /usr/bin/python3 (found version "3.10.12") found components: Interpreter 
[0.398s] -- Found builtin_interfaces: 1.2.2 (/opt/ros/humble/share/builtin_interfaces/cmake)
[0.420s] -- Found rosidl_generator_c: 3.1.7 (/opt/ros/humble/share/rosidl_generator_c/cmake)
[0.424s] -- Found rosidl_adapter: 3.1.7 (/opt/ros/humble/share/rosidl_adapter/cmake)
[0.429s] -- Found rosidl_generator_cpp: 3.1.7 (/opt/ros/humble/share/rosidl_generator_cpp/cmake)
[0.437s] -- Using all available rosidl_typesupport_c: rosidl_typesupport_fastrtps_c;rosidl_typesupport_introspection_c
[0.448s] -- Using all available rosidl_typesupport_cpp: rosidl_typesupport_fastrtps_cpp;rosidl_typesupport_introspection_cpp
[0.458s] -- Found rosidl_default_generators: 1.2.0 (/opt/ros/humble/share/rosidl_default_generators/cmake)
[0.638s] -- Found ament_cmake_ros: 0.10.0 (/opt/ros/humble/share/ament_cmake_ros/cmake)
[0.859s] -- Using all available rosidl_typesupport_c: rosidl_typesupport_fastrtps_c;rosidl_typesupport_introspection_c
[0.945s] -- Using all available rosidl_typesupport_cpp: rosidl_typesupport_fastrtps_cpp;rosidl_typesupport_introspection_cpp
[0.962s] -- Found PythonInterp: /usr/bin/python3 (found suitable version "3.10.12", minimum required is "3.6") 
[0.963s] -- Found python_cmake_module: 0.10.0 (/opt/ros/humble/share/python_cmake_module/cmake)
[0.981s] -- Found PythonLibs: /usr/lib/x86_64-linux-gnu/libpython3.10.so (found suitable version "3.10.12", minimum required is "3.5") 
[0.982s] -- Using PYTHON_EXECUTABLE: /usr/bin/python3
[0.982s] -- Using PYTHON_INCLUDE_DIRS: /usr/include/python3.10
[0.982s] -- Using PYTHON_LIBRARIES: /usr/lib/x86_64-linux-gnu/libpython3.10.so
[0.997s] -- Found PythonExtra: .so  
[1.022s] -- Found ament_lint_auto: 0.12.14 (/opt/ros/humble/share/ament_lint_auto/cmake)
[1.035s] -- Added test 'lint_cmake' to check CMake code style
[1.036s] -- Added test 'xmllint' to check XML markup files
[1.038s] -- Configuring done
[1.062s] -- Generating done
[1.070s] -- Build files have been written to: /home/wzd/cpp/ROS2_topic/msg_interface_ws/build/msg_interface
[1.076s] Invoked command in '/home/wzd/cpp/ROS2_topic/msg_interface_ws/build/msg_interface' returned '0': CMAKE_PREFIX_PATH=/opt/ros/humble /usr/bin/cmake /home/wzd/cpp/ROS2_topic/msg_interface_ws/src/msg_interface -DCMAKE_INSTALL_PREFIX=/home/wzd/cpp/ROS2_topic/msg_interface_ws/install/msg_interface
[1.078s] Invoking command in '/home/wzd/cpp/ROS2_topic/msg_interface_ws/build/msg_interface': CMAKE_PREFIX_PATH=/opt/ros/humble /usr/bin/cmake --build /home/wzd/cpp/ROS2_topic/msg_interface_ws/build/msg_interface -- -j16 -l16
[1.109s] [  3%] [34m[1mGenerating C code for ROS interfaces[0m
[1.120s] [  6%] [34m[1mGenerating C++ code for ROS interfaces[0m
[1.127s] [  6%] Built target ament_cmake_python_copy_msg_interface
[1.297s] running egg_info
[1.297s] creating msg_interface.egg-info
[1.297s] writing msg_interface.egg-info/PKG-INFO
[1.297s] writing dependency_links to msg_interface.egg-info/dependency_links.txt
[1.297s] writing top-level names to msg_interface.egg-info/top_level.txt
[1.297s] writing manifest file 'msg_interface.egg-info/SOURCES.txt'
[1.299s] reading manifest file 'msg_interface.egg-info/SOURCES.txt'
[1.299s] writing manifest file 'msg_interface.egg-info/SOURCES.txt'
[1.321s] [  6%] Built target ament_cmake_python_build_msg_interface_egg
[1.344s] [  6%] Built target msg_interface__cpp
[1.345s] [  9%] [32mBuilding C object CMakeFiles/msg_interface__rosidl_generator_c.dir/rosidl_generator_c/msg_interface/msg/detail/system_status__functions.c.o[0m
[1.352s] [ 19%] [34m[1mGenerating C++ introspection for ROS interfaces[0m
[1.352s] [ 19%] [34m[1mGenerating C++ type support dispatch for ROS interfaces[0m
[1.352s] [ 19%] [34m[1mGenerating C++ type support for eProsima Fast-RTPS[0m
[1.382s] [ 22%] [32m[1mLinking C shared library libmsg_interface__rosidl_generator_c.so[0m
[1.412s] [ 22%] Built target msg_interface__rosidl_generator_c
[1.420s] [ 32%] [34m[1mGenerating C introspection for ROS interfaces[0m
[1.421s] [ 32%] [34m[1mGenerating C type support dispatch for ROS interfaces[0m
[1.421s] [ 32%] [34m[1mGenerating C type support for eProsima Fast-RTPS[0m
[1.564s] [ 35%] [32mBuilding CXX object CMakeFiles/msg_interface__rosidl_typesupport_cpp.dir/rosidl_typesupport_cpp/msg_interface/msg/system_status__type_support.cpp.o[0m
[1.577s] [ 38%] [32mBuilding CXX object CMakeFiles/msg_interface__rosidl_typesupport_introspection_cpp.dir/rosidl_typesupport_introspection_cpp/msg_interface/msg/detail/system_status__type_support.cpp.o[0m
[1.585s] [ 41%] [32mBuilding CXX object CMakeFiles/msg_interface__rosidl_typesupport_fastrtps_cpp.dir/rosidl_typesupport_fastrtps_cpp/msg_interface/msg/detail/dds_fastrtps/system_status__type_support.cpp.o[0m
[1.639s] [ 45%] [32mBuilding CXX object CMakeFiles/msg_interface__rosidl_typesupport_c.dir/rosidl_typesupport_c/msg_interface/msg/system_status__type_support.cpp.o[0m
[1.648s] [ 48%] [32mBuilding C object CMakeFiles/msg_interface__rosidl_typesupport_introspection_c.dir/rosidl_typesupport_introspection_c/msg_interface/msg/detail/system_status__type_support.c.o[0m
[1.656s] [ 51%] [32mBuilding CXX object CMakeFiles/msg_interface__rosidl_typesupport_fastrtps_c.dir/rosidl_typesupport_fastrtps_c/msg_interface/msg/detail/system_status__type_support_c.cpp.o[0m
[1.665s] [ 54%] [32m[1mLinking CXX shared library libmsg_interface__rosidl_typesupport_c.so[0m
[1.676s] [ 58%] [32m[1mLinking C shared library libmsg_interface__rosidl_typesupport_introspection_c.so[0m
[1.700s] [ 58%] Built target msg_interface__rosidl_typesupport_c
[1.701s] [ 58%] Built target msg_interface__rosidl_typesupport_introspection_c
[1.760s] [ 61%] [32m[1mLinking CXX shared library libmsg_interface__rosidl_typesupport_cpp.so[0m
[1.794s] [ 61%] Built target msg_interface__rosidl_typesupport_cpp
[1.846s] [ 64%] [32m[1mLinking CXX shared library libmsg_interface__rosidl_typesupport_introspection_cpp.so[0m
[1.870s] [ 67%] [32m[1mLinking CXX shared library libmsg_interface__rosidl_typesupport_fastrtps_cpp.so[0m
[1.896s] [ 67%] Built target msg_interface__rosidl_typesupport_introspection_cpp
[1.900s] [ 70%] [32m[1mLinking CXX shared library libmsg_interface__rosidl_typesupport_fastrtps_c.so[0m
[1.936s] [ 70%] Built target msg_interface__rosidl_typesupport_fastrtps_cpp
[1.959s] [ 70%] Built target msg_interface__rosidl_typesupport_fastrtps_c
[1.975s] [ 70%] Built target msg_interface
[1.990s] [ 74%] [34m[1mGenerating Python code for ROS interfaces[0m
[2.294s] [ 74%] Built target msg_interface__py
[2.309s] [ 77%] [32mBuilding C object CMakeFiles/msg_interface__rosidl_generator_py.dir/rosidl_generator_py/msg_interface/msg/_system_status_s.c.o[0m
[2.384s] [ 80%] [32m[1mLinking C shared library rosidl_generator_py/msg_interface/libmsg_interface__rosidl_generator_py.so[0m
[2.416s] [ 80%] Built target msg_interface__rosidl_generator_py
[2.433s] [ 90%] [32mBuilding C object CMakeFiles/msg_interface__rosidl_typesupport_c__pyext.dir/rosidl_generator_py/msg_interface/_msg_interface_s.ep.rosidl_typesupport_c.c.o[0m
[2.433s] [ 90%] [32mBuilding C object CMakeFiles/msg_interface__rosidl_typesupport_fastrtps_c__pyext.dir/rosidl_generator_py/msg_interface/_msg_interface_s.ep.rosidl_typesupport_fastrtps_c.c.o[0m
[2.434s] [ 90%] [32mBuilding C object CMakeFiles/msg_interface__rosidl_typesupport_introspection_c__pyext.dir/rosidl_generator_py/msg_interface/_msg_interface_s.ep.rosidl_typesupport_introspection_c.c.o[0m
[2.505s] [100%] [32m[1mLinking C shared library rosidl_generator_py/msg_interface/msg_interface_s__rosidl_typesupport_c.cpython-310-x86_64-linux-gnu.so[0m
[2.505s] [100%] [32m[1mLinking C shared library rosidl_generator_py/msg_interface/msg_interface_s__rosidl_typesupport_fastrtps_c.cpython-310-x86_64-linux-gnu.so[0m
[2.505s] [100%] [32m[1mLinking C shared library rosidl_generator_py/msg_interface/msg_interface_s__rosidl_typesupport_introspection_c.cpython-310-x86_64-linux-gnu.so[0m
[2.535s] [100%] Built target msg_interface__rosidl_typesupport_c__pyext
[2.535s] [100%] Built target msg_interface__rosidl_typesupport_fastrtps_c__pyext
[2.535s] [100%] Built target msg_interface__rosidl_typesupport_introspection_c__pyext
[2.545s] Invoked command in '/home/wzd/cpp/ROS2_topic/msg_interface_ws/build/msg_interface' returned '0': CMAKE_PREFIX_PATH=/opt/ros/humble /usr/bin/cmake --build /home/wzd/cpp/ROS2_topic/msg_interface_ws/build/msg_interface -- -j16 -l16
[2.552s] Invoking command in '/home/wzd/cpp/ROS2_topic/msg_interface_ws/build/msg_interface': CMAKE_PREFIX_PATH=/opt/ros/humble /usr/bin/cmake --install /home/wzd/cpp/ROS2_topic/msg_interface_ws/build/msg_interface
[2.557s] -- Install configuration: ""
[2.558s] -- Installing: /home/wzd/cpp/ROS2_topic/msg_interface_ws/install/msg_interface/share/ament_index/resource_index/rosidl_interfaces/msg_interface
[2.558s] -- Installing: /home/wzd/cpp/ROS2_topic/msg_interface_ws/install/msg_interface/include/msg_interface/msg_interface
[2.558s] -- Installing: /home/wzd/cpp/ROS2_topic/msg_interface_ws/install/msg_interface/include/msg_interface/msg_interface/msg
[2.558s] -- Installing: /home/wzd/cpp/ROS2_topic/msg_interface_ws/install/msg_interface/include/msg_interface/msg_interface/msg/detail
[2.558s] -- Installing: /home/wzd/cpp/ROS2_topic/msg_interface_ws/install/msg_interface/include/msg_interface/msg_interface/msg/detail/system_status__type_support.h
[2.558s] -- Installing: /home/wzd/cpp/ROS2_topic/msg_interface_ws/install/msg_interface/include/msg_interface/msg_interface/msg/detail/system_status__functions.h
[2.558s] -- Installing: /home/wzd/cpp/ROS2_topic/msg_interface_ws/install/msg_interface/include/msg_interface/msg_interface/msg/detail/system_status__struct.h
[2.558s] -- Installing: /home/wzd/cpp/ROS2_topic/msg_interface_ws/install/msg_interface/include/msg_interface/msg_interface/msg/detail/system_status__functions.c
[2.558s] -- Installing: /home/wzd/cpp/ROS2_topic/msg_interface_ws/install/msg_interface/include/msg_interface/msg_interface/msg/system_status.h
[2.559s] -- Installing: /home/wzd/cpp/ROS2_topic/msg_interface_ws/install/msg_interface/include/msg_interface/msg_interface/msg/rosidl_generator_c__visibility_control.h
[2.559s] -- Installing: /home/wzd/cpp/ROS2_topic/msg_interface_ws/install/msg_interface/share/msg_interface/environment/library_path.sh
[2.559s] -- Installing: /home/wzd/cpp/ROS2_topic/msg_interface_ws/install/msg_interface/share/msg_interface/environment/library_path.dsv
[2.559s] -- Installing: /home/wzd/cpp/ROS2_topic/msg_interface_ws/install/msg_interface/lib/libmsg_interface__rosidl_generator_c.so
[2.559s] -- Set runtime path of "/home/wzd/cpp/ROS2_topic/msg_interface_ws/install/msg_interface/lib/libmsg_interface__rosidl_generator_c.so" to ""
[2.559s] -- Up-to-date: /home/wzd/cpp/ROS2_topic/msg_interface_ws/install/msg_interface/include/msg_interface/msg_interface
[2.559s] -- Up-to-date: /home/wzd/cpp/ROS2_topic/msg_interface_ws/install/msg_interface/include/msg_interface/msg_interface/msg
[2.559s] -- Up-to-date: /home/wzd/cpp/ROS2_topic/msg_interface_ws/install/msg_interface/include/msg_interface/msg_interface/msg/detail
[2.559s] -- Installing: /home/wzd/cpp/ROS2_topic/msg_interface_ws/install/msg_interface/include/msg_interface/msg_interface/msg/detail/system_status__rosidl_typesupport_fastrtps_c.h
[2.560s] -- Installing: /home/wzd/cpp/ROS2_topic/msg_interface_ws/install/msg_interface/include/msg_interface/msg_interface/msg/rosidl_typesupport_fastrtps_c__visibility_control.h
[2.560s] -- Installing: /home/wzd/cpp/ROS2_topic/msg_interface_ws/install/msg_interface/lib/libmsg_interface__rosidl_typesupport_fastrtps_c.so
[2.560s] -- Set runtime path of "/home/wzd/cpp/ROS2_topic/msg_interface_ws/install/msg_interface/lib/libmsg_interface__rosidl_typesupport_fastrtps_c.so" to ""
[2.560s] -- Up-to-date: /home/wzd/cpp/ROS2_topic/msg_interface_ws/install/msg_interface/include/msg_interface/msg_interface
[2.560s] -- Up-to-date: /home/wzd/cpp/ROS2_topic/msg_interface_ws/install/msg_interface/include/msg_interface/msg_interface/msg
[2.560s] -- Up-to-date: /home/wzd/cpp/ROS2_topic/msg_interface_ws/install/msg_interface/include/msg_interface/msg_interface/msg/detail
[2.560s] -- Installing: /home/wzd/cpp/ROS2_topic/msg_interface_ws/install/msg_interface/include/msg_interface/msg_interface/msg/detail/system_status__builder.hpp
[2.560s] -- Installing: /home/wzd/cpp/ROS2_topic/msg_interface_ws/install/msg_interface/include/msg_interface/msg_interface/msg/detail/system_status__traits.hpp
[2.560s] -- Installing: /home/wzd/cpp/ROS2_topic/msg_interface_ws/install/msg_interface/include/msg_interface/msg_interface/msg/detail/system_status__type_support.hpp
[2.560s] -- Installing: /home/wzd/cpp/ROS2_topic/msg_interface_ws/install/msg_interface/include/msg_interface/msg_interface/msg/detail/system_status__struct.hpp
[2.560s] -- Installing: /home/wzd/cpp/ROS2_topic/msg_interface_ws/install/msg_interface/include/msg_interface/msg_interface/msg/system_status.hpp
[2.561s] -- Installing: /home/wzd/cpp/ROS2_topic/msg_interface_ws/install/msg_interface/include/msg_interface/msg_interface/msg/rosidl_generator_cpp__visibility_control.hpp
[2.561s] -- Up-to-date: /home/wzd/cpp/ROS2_topic/msg_interface_ws/install/msg_interface/include/msg_interface/msg_interface
[2.561s] -- Up-to-date: /home/wzd/cpp/ROS2_topic/msg_interface_ws/install/msg_interface/include/msg_interface/msg_interface/msg
[2.561s] -- Up-to-date: /home/wzd/cpp/ROS2_topic/msg_interface_ws/install/msg_interface/include/msg_interface/msg_interface/msg/detail
[2.561s] -- Installing: /home/wzd/cpp/ROS2_topic/msg_interface_ws/install/msg_interface/include/msg_interface/msg_interface/msg/detail/system_status__rosidl_typesupport_fastrtps_cpp.hpp
[2.561s] -- Installing: /home/wzd/cpp/ROS2_topic/msg_interface_ws/install/msg_interface/include/msg_interface/msg_interface/msg/detail/dds_fastrtps
[2.561s] -- Installing: /home/wzd/cpp/ROS2_topic/msg_interface_ws/install/msg_interface/include/msg_interface/msg_interface/msg/rosidl_typesupport_fastrtps_cpp__visibility_control.h
[2.561s] -- Installing: /home/wzd/cpp/ROS2_topic/msg_interface_ws/install/msg_interface/lib/libmsg_interface__rosidl_typesupport_fastrtps_cpp.so
[2.561s] -- Set runtime path of "/home/wzd/cpp/ROS2_topic/msg_interface_ws/install/msg_interface/lib/libmsg_interface__rosidl_typesupport_fastrtps_cpp.so" to ""
[2.562s] -- Up-to-date: /home/wzd/cpp/ROS2_topic/msg_interface_ws/install/msg_interface/include/msg_interface/msg_interface
[2.562s] -- Up-to-date: /home/wzd/cpp/ROS2_topic/msg_interface_ws/install/msg_interface/include/msg_interface/msg_interface/msg
[2.562s] -- Up-to-date: /home/wzd/cpp/ROS2_topic/msg_interface_ws/install/msg_interface/include/msg_interface/msg_interface/msg/detail
[2.562s] -- Installing: /home/wzd/cpp/ROS2_topic/msg_interface_ws/install/msg_interface/include/msg_interface/msg_interface/msg/detail/system_status__rosidl_typesupport_introspection_c.h
[2.562s] -- Installing: /home/wzd/cpp/ROS2_topic/msg_interface_ws/install/msg_interface/include/msg_interface/msg_interface/msg/detail/system_status__type_support.c
[2.562s] -- Installing: /home/wzd/cpp/ROS2_topic/msg_interface_ws/install/msg_interface/include/msg_interface/msg_interface/msg/rosidl_typesupport_introspection_c__visibility_control.h
[2.562s] -- Installing: /home/wzd/cpp/ROS2_topic/msg_interface_ws/install/msg_interface/lib/libmsg_interface__rosidl_typesupport_introspection_c.so
[2.562s] -- Set runtime path of "/home/wzd/cpp/ROS2_topic/msg_interface_ws/install/msg_interface/lib/libmsg_interface__rosidl_typesupport_introspection_c.so" to ""
[2.562s] -- Installing: /home/wzd/cpp/ROS2_topic/msg_interface_ws/install/msg_interface/lib/libmsg_interface__rosidl_typesupport_c.so
[2.563s] -- Set runtime path of "/home/wzd/cpp/ROS2_topic/msg_interface_ws/install/msg_interface/lib/libmsg_interface__rosidl_typesupport_c.so" to ""
[2.563s] -- Up-to-date: /home/wzd/cpp/ROS2_topic/msg_interface_ws/install/msg_interface/include/msg_interface/msg_interface
[2.563s] -- Up-to-date: /home/wzd/cpp/ROS2_topic/msg_interface_ws/install/msg_interface/include/msg_interface/msg_interface/msg
[2.563s] -- Up-to-date: /home/wzd/cpp/ROS2_topic/msg_interface_ws/install/msg_interface/include/msg_interface/msg_interface/msg/detail
[2.563s] -- Installing: /home/wzd/cpp/ROS2_topic/msg_interface_ws/install/msg_interface/include/msg_interface/msg_interface/msg/detail/system_status__type_support.cpp
[2.563s] -- Installing: /home/wzd/cpp/ROS2_topic/msg_interface_ws/install/msg_interface/include/msg_interface/msg_interface/msg/detail/system_status__rosidl_typesupport_introspection_cpp.hpp
[2.563s] -- Installing: /home/wzd/cpp/ROS2_topic/msg_interface_ws/install/msg_interface/lib/libmsg_interface__rosidl_typesupport_introspection_cpp.so
[2.563s] -- Set runtime path of "/home/wzd/cpp/ROS2_topic/msg_interface_ws/install/msg_interface/lib/libmsg_interface__rosidl_typesupport_introspection_cpp.so" to ""
[2.564s] -- Installing: /home/wzd/cpp/ROS2_topic/msg_interface_ws/install/msg_interface/lib/libmsg_interface__rosidl_typesupport_cpp.so
[2.564s] -- Set runtime path of "/home/wzd/cpp/ROS2_topic/msg_interface_ws/install/msg_interface/lib/libmsg_interface__rosidl_typesupport_cpp.so" to ""
[2.564s] -- Installing: /home/wzd/cpp/ROS2_topic/msg_interface_ws/install/msg_interface/share/msg_interface/environment/pythonpath.sh
[2.564s] -- Installing: /home/wzd/cpp/ROS2_topic/msg_interface_ws/install/msg_interface/share/msg_interface/environment/pythonpath.dsv
[2.564s] -- Installing: /home/wzd/cpp/ROS2_topic/msg_interface_ws/install/msg_interface/local/lib/python3.10/dist-packages/msg_interface-0.0.0-py3.10.egg-info
[2.564s] -- Installing: /home/wzd/cpp/ROS2_topic/msg_interface_ws/install/msg_interface/local/lib/python3.10/dist-packages/msg_interface-0.0.0-py3.10.egg-info/PKG-INFO
[2.564s] -- Installing: /home/wzd/cpp/ROS2_topic/msg_interface_ws/install/msg_interface/local/lib/python3.10/dist-packages/msg_interface-0.0.0-py3.10.egg-info/SOURCES.txt
[2.564s] -- Installing: /home/wzd/cpp/ROS2_topic/msg_interface_ws/install/msg_interface/local/lib/python3.10/dist-packages/msg_interface-0.0.0-py3.10.egg-info/dependency_links.txt
[2.565s] -- Installing: /home/wzd/cpp/ROS2_topic/msg_interface_ws/install/msg_interface/local/lib/python3.10/dist-packages/msg_interface-0.0.0-py3.10.egg-info/top_level.txt
[2.565s] -- Installing: /home/wzd/cpp/ROS2_topic/msg_interface_ws/install/msg_interface/local/lib/python3.10/dist-packages/msg_interface
[2.565s] -- Installing: /home/wzd/cpp/ROS2_topic/msg_interface_ws/install/msg_interface/local/lib/python3.10/dist-packages/msg_interface/_msg_interface_s.ep.rosidl_typesupport_c.c
[2.565s] -- Installing: /home/wzd/cpp/ROS2_topic/msg_interface_ws/install/msg_interface/local/lib/python3.10/dist-packages/msg_interface/msg_interface_s__rosidl_typesupport_fastrtps_c.cpython-310-x86_64-linux-gnu.so
[2.565s] -- Installing: /home/wzd/cpp/ROS2_topic/msg_interface_ws/install/msg_interface/local/lib/python3.10/dist-packages/msg_interface/__init__.py
[2.565s] -- Installing: /home/wzd/cpp/ROS2_topic/msg_interface_ws/install/msg_interface/local/lib/python3.10/dist-packages/msg_interface/_msg_interface_s.ep.rosidl_typesupport_fastrtps_c.c
[2.565s] -- Installing: /home/wzd/cpp/ROS2_topic/msg_interface_ws/install/msg_interface/local/lib/python3.10/dist-packages/msg_interface/libmsg_interface__rosidl_generator_py.so
[2.565s] -- Installing: /home/wzd/cpp/ROS2_topic/msg_interface_ws/install/msg_interface/local/lib/python3.10/dist-packages/msg_interface/msg
[2.565s] -- Installing: /home/wzd/cpp/ROS2_topic/msg_interface_ws/install/msg_interface/local/lib/python3.10/dist-packages/msg_interface/msg/__init__.py
[2.565s] -- Installing: /home/wzd/cpp/ROS2_topic/msg_interface_ws/install/msg_interface/local/lib/python3.10/dist-packages/msg_interface/msg/_system_status.py
[2.566s] -- Installing: /home/wzd/cpp/ROS2_topic/msg_interface_ws/install/msg_interface/local/lib/python3.10/dist-packages/msg_interface/msg/_system_status_s.c
[2.566s] -- Installing: /home/wzd/cpp/ROS2_topic/msg_interface_ws/install/msg_interface/local/lib/python3.10/dist-packages/msg_interface/_msg_interface_s.ep.rosidl_typesupport_introspection_c.c
[2.566s] -- Installing: /home/wzd/cpp/ROS2_topic/msg_interface_ws/install/msg_interface/local/lib/python3.10/dist-packages/msg_interface/msg_interface_s__rosidl_typesupport_c.cpython-310-x86_64-linux-gnu.so
[2.566s] -- Installing: /home/wzd/cpp/ROS2_topic/msg_interface_ws/install/msg_interface/local/lib/python3.10/dist-packages/msg_interface/msg_interface_s__rosidl_typesupport_introspection_c.cpython-310-x86_64-linux-gnu.so
[2.591s] Listing '/home/wzd/cpp/ROS2_topic/msg_interface_ws/install/msg_interface/local/lib/python3.10/dist-packages/msg_interface'...
[2.591s] Compiling '/home/wzd/cpp/ROS2_topic/msg_interface_ws/install/msg_interface/local/lib/python3.10/dist-packages/msg_interface/__init__.py'...
[2.591s] Listing '/home/wzd/cpp/ROS2_topic/msg_interface_ws/install/msg_interface/local/lib/python3.10/dist-packages/msg_interface/msg'...
[2.591s] Compiling '/home/wzd/cpp/ROS2_topic/msg_interface_ws/install/msg_interface/local/lib/python3.10/dist-packages/msg_interface/msg/__init__.py'...
[2.591s] Compiling '/home/wzd/cpp/ROS2_topic/msg_interface_ws/install/msg_interface/local/lib/python3.10/dist-packages/msg_interface/msg/_system_status.py'...
[2.594s] -- Installing: /home/wzd/cpp/ROS2_topic/msg_interface_ws/install/msg_interface/local/lib/python3.10/dist-packages/msg_interface/msg_interface_s__rosidl_typesupport_fastrtps_c.cpython-310-x86_64-linux-gnu.so
[2.594s] -- Set runtime path of "/home/wzd/cpp/ROS2_topic/msg_interface_ws/install/msg_interface/local/lib/python3.10/dist-packages/msg_interface/msg_interface_s__rosidl_typesupport_fastrtps_c.cpython-310-x86_64-linux-gnu.so" to ""
[2.595s] -- Installing: /home/wzd/cpp/ROS2_topic/msg_interface_ws/install/msg_interface/local/lib/python3.10/dist-packages/msg_interface/msg_interface_s__rosidl_typesupport_introspection_c.cpython-310-x86_64-linux-gnu.so
[2.595s] -- Set runtime path of "/home/wzd/cpp/ROS2_topic/msg_interface_ws/install/msg_interface/local/lib/python3.10/dist-packages/msg_interface/msg_interface_s__rosidl_typesupport_introspection_c.cpython-310-x86_64-linux-gnu.so" to ""
[2.595s] -- Installing: /home/wzd/cpp/ROS2_topic/msg_interface_ws/install/msg_interface/local/lib/python3.10/dist-packages/msg_interface/msg_interface_s__rosidl_typesupport_c.cpython-310-x86_64-linux-gnu.so
[2.595s] -- Set runtime path of "/home/wzd/cpp/ROS2_topic/msg_interface_ws/install/msg_interface/local/lib/python3.10/dist-packages/msg_interface/msg_interface_s__rosidl_typesupport_c.cpython-310-x86_64-linux-gnu.so" to ""
[2.595s] -- Installing: /home/wzd/cpp/ROS2_topic/msg_interface_ws/install/msg_interface/lib/libmsg_interface__rosidl_generator_py.so
[2.596s] -- Set runtime path of "/home/wzd/cpp/ROS2_topic/msg_interface_ws/install/msg_interface/lib/libmsg_interface__rosidl_generator_py.so" to ""
[2.596s] -- Installing: /home/wzd/cpp/ROS2_topic/msg_interface_ws/install/msg_interface/share/msg_interface/msg/SystemStatus.idl
[2.596s] -- Installing: /home/wzd/cpp/ROS2_topic/msg_interface_ws/install/msg_interface/share/msg_interface/msg/SystemStatus.msg
[2.596s] -- Installing: /home/wzd/cpp/ROS2_topic/msg_interface_ws/install/msg_interface/share/ament_index/resource_index/package_run_dependencies/msg_interface
[2.596s] -- Installing: /home/wzd/cpp/ROS2_topic/msg_interface_ws/install/msg_interface/share/ament_index/resource_index/parent_prefix_path/msg_interface
[2.596s] -- Installing: /home/wzd/cpp/ROS2_topic/msg_interface_ws/install/msg_interface/share/msg_interface/environment/ament_prefix_path.sh
[2.596s] -- Installing: /home/wzd/cpp/ROS2_topic/msg_interface_ws/install/msg_interface/share/msg_interface/environment/ament_prefix_path.dsv
[2.597s] -- Installing: /home/wzd/cpp/ROS2_topic/msg_interface_ws/install/msg_interface/share/msg_interface/environment/path.sh
[2.597s] -- Installing: /home/wzd/cpp/ROS2_topic/msg_interface_ws/install/msg_interface/share/msg_interface/environment/path.dsv
[2.597s] -- Installing: /home/wzd/cpp/ROS2_topic/msg_interface_ws/install/msg_interface/share/msg_interface/local_setup.bash
[2.597s] -- Installing: /home/wzd/cpp/ROS2_topic/msg_interface_ws/install/msg_interface/share/msg_interface/local_setup.sh
[2.597s] -- Installing: /home/wzd/cpp/ROS2_topic/msg_interface_ws/install/msg_interface/share/msg_interface/local_setup.zsh
[2.597s] -- Installing: /home/wzd/cpp/ROS2_topic/msg_interface_ws/install/msg_interface/share/msg_interface/local_setup.dsv
[2.597s] -- Installing: /home/wzd/cpp/ROS2_topic/msg_interface_ws/install/msg_interface/share/msg_interface/package.dsv
[2.597s] -- Installing: /home/wzd/cpp/ROS2_topic/msg_interface_ws/install/msg_interface/share/ament_index/resource_index/packages/msg_interface
[2.598s] -- Installing: /home/wzd/cpp/ROS2_topic/msg_interface_ws/install/msg_interface/share/msg_interface/cmake/export_msg_interface__rosidl_generator_cExport.cmake
[2.598s] -- Installing: /home/wzd/cpp/ROS2_topic/msg_interface_ws/install/msg_interface/share/msg_interface/cmake/export_msg_interface__rosidl_generator_cExport-noconfig.cmake
[2.598s] -- Installing: /home/wzd/cpp/ROS2_topic/msg_interface_ws/install/msg_interface/share/msg_interface/cmake/export_msg_interface__rosidl_typesupport_fastrtps_cExport.cmake
[2.598s] -- Installing: /home/wzd/cpp/ROS2_topic/msg_interface_ws/install/msg_interface/share/msg_interface/cmake/export_msg_interface__rosidl_typesupport_fastrtps_cExport-noconfig.cmake
[2.598s] -- Installing: /home/wzd/cpp/ROS2_topic/msg_interface_ws/install/msg_interface/share/msg_interface/cmake/export_msg_interface__rosidl_generator_cppExport.cmake
[2.598s] -- Installing: /home/wzd/cpp/ROS2_topic/msg_interface_ws/install/msg_interface/share/msg_interface/cmake/export_msg_interface__rosidl_typesupport_fastrtps_cppExport.cmake
[2.598s] -- Installing: /home/wzd/cpp/ROS2_topic/msg_interface_ws/install/msg_interface/share/msg_interface/cmake/export_msg_interface__rosidl_typesupport_fastrtps_cppExport-noconfig.cmake
[2.599s] -- Installing: /home/wzd/cpp/ROS2_topic/msg_interface_ws/install/msg_interface/share/msg_interface/cmake/msg_interface__rosidl_typesupport_introspection_cExport.cmake
[2.599s] -- Installing: /home/wzd/cpp/ROS2_topic/msg_interface_ws/install/msg_interface/share/msg_interface/cmake/msg_interface__rosidl_typesupport_introspection_cExport-noconfig.cmake
[2.599s] -- Installing: /home/wzd/cpp/ROS2_topic/msg_interface_ws/install/msg_interface/share/msg_interface/cmake/msg_interface__rosidl_typesupport_cExport.cmake
[2.599s] -- Installing: /home/wzd/cpp/ROS2_topic/msg_interface_ws/install/msg_interface/share/msg_interface/cmake/msg_interface__rosidl_typesupport_cExport-noconfig.cmake
[2.599s] -- Installing: /home/wzd/cpp/ROS2_topic/msg_interface_ws/install/msg_interface/share/msg_interface/cmake/msg_interface__rosidl_typesupport_introspection_cppExport.cmake
[2.599s] -- Installing: /home/wzd/cpp/ROS2_topic/msg_interface_ws/install/msg_interface/share/msg_interface/cmake/msg_interface__rosidl_typesupport_introspection_cppExport-noconfig.cmake
[2.599s] -- Installing: /home/wzd/cpp/ROS2_topic/msg_interface_ws/install/msg_interface/share/msg_interface/cmake/msg_interface__rosidl_typesupport_cppExport.cmake
[2.600s] -- Installing: /home/wzd/cpp/ROS2_topic/msg_interface_ws/install/msg_interface/share/msg_interface/cmake/msg_interface__rosidl_typesupport_cppExport-noconfig.cmake
[2.600s] -- Installing: /home/wzd/cpp/ROS2_topic/msg_interface_ws/install/msg_interface/share/msg_interface/cmake/export_msg_interface__rosidl_generator_pyExport.cmake
[2.600s] -- Installing: /home/wzd/cpp/ROS2_topic/msg_interface_ws/install/msg_interface/share/msg_interface/cmake/export_msg_interface__rosidl_generator_pyExport-noconfig.cmake
[2.600s] -- Installing: /home/wzd/cpp/ROS2_topic/msg_interface_ws/install/msg_interface/share/msg_interface/cmake/rosidl_cmake-extras.cmake
[2.600s] -- Installing: /home/wzd/cpp/ROS2_topic/msg_interface_ws/install/msg_interface/share/msg_interface/cmake/ament_cmake_export_dependencies-extras.cmake
[2.600s] -- Installing: /home/wzd/cpp/ROS2_topic/msg_interface_ws/install/msg_interface/share/msg_interface/cmake/ament_cmake_export_include_directories-extras.cmake
[2.600s] -- Installing: /home/wzd/cpp/ROS2_topic/msg_interface_ws/install/msg_interface/share/msg_interface/cmake/ament_cmake_export_libraries-extras.cmake
[2.600s] -- Installing: /home/wzd/cpp/ROS2_topic/msg_interface_ws/install/msg_interface/share/msg_interface/cmake/ament_cmake_export_targets-extras.cmake
[2.601s] -- Installing: /home/wzd/cpp/ROS2_topic/msg_interface_ws/install/msg_interface/share/msg_interface/cmake/rosidl_cmake_export_typesupport_targets-extras.cmake
[2.601s] -- Installing: /home/wzd/cpp/ROS2_topic/msg_interface_ws/install/msg_interface/share/msg_interface/cmake/rosidl_cmake_export_typesupport_libraries-extras.cmake
[2.601s] -- Installing: /home/wzd/cpp/ROS2_topic/msg_interface_ws/install/msg_interface/share/msg_interface/cmake/msg_interfaceConfig.cmake
[2.601s] -- Installing: /home/wzd/cpp/ROS2_topic/msg_interface_ws/install/msg_interface/share/msg_interface/cmake/msg_interfaceConfig-version.cmake
[2.601s] -- Installing: /home/wzd/cpp/ROS2_topic/msg_interface_ws/install/msg_interface/share/msg_interface/package.xml
[2.603s] Invoked command in '/home/wzd/cpp/ROS2_topic/msg_interface_ws/build/msg_interface' returned '0': CMAKE_PREFIX_PATH=/opt/ros/humble /usr/bin/cmake --install /home/wzd/cpp/ROS2_topic/msg_interface_ws/build/msg_interface
