[0.038s] Invoking command in '/home/wzd/cpp/ROS2_topic/topic_ws/build/demo_cpp_topic': CMAKE_PREFIX_PATH=/opt/ros/humble /usr/bin/cmake --build /home/wzd/cpp/ROS2_topic/topic_ws/build/demo_cpp_topic -- -j16 -l16
[0.174s] -- Found ament_cmake: 1.3.12 (/opt/ros/humble/share/ament_cmake/cmake)
[0.579s] -- Found rclcpp: 16.0.15 (/opt/ros/humble/share/rclcpp/cmake)
[0.673s] -- Found rosidl_generator_c: 3.1.7 (/opt/ros/humble/share/rosidl_generator_c/cmake)
[0.682s] -- Found rosidl_adapter: 3.1.7 (/opt/ros/humble/share/rosidl_adapter/cmake)
[0.701s] -- Found rosidl_generator_cpp: 3.1.7 (/opt/ros/humble/share/rosidl_generator_cpp/cmake)
[0.736s] -- Using all available rosidl_typesupport_c: rosidl_typesupport_fastrtps_c;rosidl_typesupport_introspection_c
[0.773s] -- Using all available rosidl_typesupport_cpp: rosidl_typesupport_fastrtps_cpp;rosidl_typesupport_introspection_cpp
[0.887s] -- Found rmw_implementation_cmake: 6.1.2 (/opt/ros/humble/share/rmw_implementation_cmake/cmake)
[0.892s] -- Found rmw_fastrtps_cpp: 6.2.9 (/opt/ros/humble/share/rmw_fastrtps_cpp/cmake)
[1.187s] -- Using RMW implementation 'rmw_fastrtps_cpp' as default
[1.339s] -- Found geometry_msgs: 4.9.0 (/opt/ros/humble/share/geometry_msgs/cmake)
[1.375s] -- Found turtlesim: 1.4.3 (/opt/ros/humble/share/turtlesim/cmake)
[1.490s] -- Found ament_lint_auto: 0.12.14 (/opt/ros/humble/share/ament_lint_auto/cmake)
[1.689s] -- Added test 'cppcheck' to perform static code analysis on C / C++ code
[1.689s] -- Configured cppcheck include dirs: 
[1.690s] -- Configured cppcheck exclude dirs and/or files: 
[1.691s] -- Added test 'lint_cmake' to check CMake code style
[1.694s] -- Added test 'uncrustify' to check C / C++ code style
[1.694s] -- Configured uncrustify additional arguments: 
[1.695s] -- Added test 'xmllint' to check XML markup files
[1.698s] -- Configuring done
[1.730s] -- Generating done
[1.742s] -- Build files have been written to: /home/wzd/cpp/ROS2_topic/topic_ws/build/demo_cpp_topic
[1.817s] [35m[1mConsolidate compiler generated dependencies of target turtle_circle[0m
[1.869s] [ 50%] [32mBuilding CXX object CMakeFiles/turtle_circle.dir/src/turtle_circle.cpp.o[0m
[10.103s] [100%] [32m[1mLinking CXX executable turtle_circle[0m
[10.260s] [100%] Built target turtle_circle
[10.271s] Invoked command in '/home/wzd/cpp/ROS2_topic/topic_ws/build/demo_cpp_topic' returned '0': CMAKE_PREFIX_PATH=/opt/ros/humble /usr/bin/cmake --build /home/wzd/cpp/ROS2_topic/topic_ws/build/demo_cpp_topic -- -j16 -l16
[10.280s] Invoking command in '/home/wzd/cpp/ROS2_topic/topic_ws/build/demo_cpp_topic': CMAKE_PREFIX_PATH=/opt/ros/humble /usr/bin/cmake --install /home/wzd/cpp/ROS2_topic/topic_ws/build/demo_cpp_topic
[10.286s] -- Install configuration: ""
[10.287s] -- Installing: /home/wzd/cpp/ROS2_topic/topic_ws/install/demo_cpp_topic/lib/demo_cpp_topic/turtle_circle
[10.288s] -- Set runtime path of "/home/wzd/cpp/ROS2_topic/topic_ws/install/demo_cpp_topic/lib/demo_cpp_topic/turtle_circle" to ""
[10.288s] -- Up-to-date: /home/wzd/cpp/ROS2_topic/topic_ws/install/demo_cpp_topic/share/ament_index/resource_index/package_run_dependencies/demo_cpp_topic
[10.288s] -- Up-to-date: /home/wzd/cpp/ROS2_topic/topic_ws/install/demo_cpp_topic/share/ament_index/resource_index/parent_prefix_path/demo_cpp_topic
[10.288s] -- Up-to-date: /home/wzd/cpp/ROS2_topic/topic_ws/install/demo_cpp_topic/share/demo_cpp_topic/environment/ament_prefix_path.sh
[10.288s] -- Installing: /home/wzd/cpp/ROS2_topic/topic_ws/install/demo_cpp_topic/share/demo_cpp_topic/environment/ament_prefix_path.dsv
[10.289s] -- Up-to-date: /home/wzd/cpp/ROS2_topic/topic_ws/install/demo_cpp_topic/share/demo_cpp_topic/environment/path.sh
[10.289s] -- Installing: /home/wzd/cpp/ROS2_topic/topic_ws/install/demo_cpp_topic/share/demo_cpp_topic/environment/path.dsv
[10.289s] -- Up-to-date: /home/wzd/cpp/ROS2_topic/topic_ws/install/demo_cpp_topic/share/demo_cpp_topic/local_setup.bash
[10.289s] -- Up-to-date: /home/wzd/cpp/ROS2_topic/topic_ws/install/demo_cpp_topic/share/demo_cpp_topic/local_setup.sh
[10.289s] -- Up-to-date: /home/wzd/cpp/ROS2_topic/topic_ws/install/demo_cpp_topic/share/demo_cpp_topic/local_setup.zsh
[10.289s] -- Installing: /home/wzd/cpp/ROS2_topic/topic_ws/install/demo_cpp_topic/share/demo_cpp_topic/local_setup.dsv
[10.289s] -- Installing: /home/wzd/cpp/ROS2_topic/topic_ws/install/demo_cpp_topic/share/demo_cpp_topic/package.dsv
[10.289s] -- Up-to-date: /home/wzd/cpp/ROS2_topic/topic_ws/install/demo_cpp_topic/share/ament_index/resource_index/packages/demo_cpp_topic
[10.289s] -- Up-to-date: /home/wzd/cpp/ROS2_topic/topic_ws/install/demo_cpp_topic/share/demo_cpp_topic/cmake/demo_cpp_topicConfig.cmake
[10.289s] -- Up-to-date: /home/wzd/cpp/ROS2_topic/topic_ws/install/demo_cpp_topic/share/demo_cpp_topic/cmake/demo_cpp_topicConfig-version.cmake
[10.289s] -- Up-to-date: /home/wzd/cpp/ROS2_topic/topic_ws/install/demo_cpp_topic/share/demo_cpp_topic/package.xml
[10.291s] Invoked command in '/home/wzd/cpp/ROS2_topic/topic_ws/build/demo_cpp_topic' returned '0': CMAKE_PREFIX_PATH=/opt/ros/humble /usr/bin/cmake --install /home/wzd/cpp/ROS2_topic/topic_ws/build/demo_cpp_topic
