[0.012s] Invoking command in '/home/wzd/cpp/ROS2_topic/topic_ws/build/demo_cpp_topic': CMAKE_PREFIX_PATH=/opt/ros/humble /usr/bin/cmake --build /home/wzd/cpp/ROS2_topic/topic_ws/build/demo_cpp_topic -- -j16 -l16
[0.098s] [100%] Built target turtle_circle
[0.110s] Invoked command in '/home/wzd/cpp/ROS2_topic/topic_ws/build/demo_cpp_topic' returned '0': CMAKE_PREFIX_PATH=/opt/ros/humble /usr/bin/cmake --build /home/wzd/cpp/ROS2_topic/topic_ws/build/demo_cpp_topic -- -j16 -l16
[0.121s] Invoking command in '/home/wzd/cpp/ROS2_topic/topic_ws/build/demo_cpp_topic': CMAKE_PREFIX_PATH=/opt/ros/humble /usr/bin/cmake --install /home/wzd/cpp/ROS2_topic/topic_ws/build/demo_cpp_topic
[0.129s] -- Install configuration: ""
[0.131s] -- Up-to-date: /home/wzd/cpp/ROS2_topic/topic_ws/install/demo_cpp_topic/lib/demo_cpp_topic/turtle_circle
[0.131s] -- Up-to-date: /home/wzd/cpp/ROS2_topic/topic_ws/install/demo_cpp_topic/share/ament_index/resource_index/package_run_dependencies/demo_cpp_topic
[0.131s] -- Up-to-date: /home/wzd/cpp/ROS2_topic/topic_ws/install/demo_cpp_topic/share/ament_index/resource_index/parent_prefix_path/demo_cpp_topic
[0.131s] -- Up-to-date: /home/wzd/cpp/ROS2_topic/topic_ws/install/demo_cpp_topic/share/demo_cpp_topic/environment/ament_prefix_path.sh
[0.131s] -- Up-to-date: /home/wzd/cpp/ROS2_topic/topic_ws/install/demo_cpp_topic/share/demo_cpp_topic/environment/ament_prefix_path.dsv
[0.131s] -- Up-to-date: /home/wzd/cpp/ROS2_topic/topic_ws/install/demo_cpp_topic/share/demo_cpp_topic/environment/path.sh
[0.131s] -- Up-to-date: /home/wzd/cpp/ROS2_topic/topic_ws/install/demo_cpp_topic/share/demo_cpp_topic/environment/path.dsv
[0.131s] -- Up-to-date: /home/wzd/cpp/ROS2_topic/topic_ws/install/demo_cpp_topic/share/demo_cpp_topic/local_setup.bash
[0.132s] -- Up-to-date: /home/wzd/cpp/ROS2_topic/topic_ws/install/demo_cpp_topic/share/demo_cpp_topic/local_setup.sh
[0.132s] -- Up-to-date: /home/wzd/cpp/ROS2_topic/topic_ws/install/demo_cpp_topic/share/demo_cpp_topic/local_setup.zsh
[0.132s] -- Up-to-date: /home/wzd/cpp/ROS2_topic/topic_ws/install/demo_cpp_topic/share/demo_cpp_topic/local_setup.dsv
[0.132s] -- Installing: /home/wzd/cpp/ROS2_topic/topic_ws/install/demo_cpp_topic/share/demo_cpp_topic/package.dsv
[0.132s] -- Up-to-date: /home/wzd/cpp/ROS2_topic/topic_ws/install/demo_cpp_topic/share/ament_index/resource_index/packages/demo_cpp_topic
[0.132s] -- Up-to-date: /home/wzd/cpp/ROS2_topic/topic_ws/install/demo_cpp_topic/share/demo_cpp_topic/cmake/demo_cpp_topicConfig.cmake
[0.132s] -- Up-to-date: /home/wzd/cpp/ROS2_topic/topic_ws/install/demo_cpp_topic/share/demo_cpp_topic/cmake/demo_cpp_topicConfig-version.cmake
[0.132s] -- Up-to-date: /home/wzd/cpp/ROS2_topic/topic_ws/install/demo_cpp_topic/share/demo_cpp_topic/package.xml
[0.134s] Invoked command in '/home/wzd/cpp/ROS2_topic/topic_ws/build/demo_cpp_topic' returned '0': CMAKE_PREFIX_PATH=/opt/ros/humble /usr/bin/cmake --install /home/wzd/cpp/ROS2_topic/topic_ws/build/demo_cpp_topic
