[0.073s] DEBUG:colcon:Command line arguments: ['/usr/bin/colcon', 'build']
[0.073s] DEBUG:colcon:Parsed command line arguments: Namespace(log_base=None, log_level=None, verb_name='build', build_base='build', install_base='install', merge_install=False, symlink_install=False, test_result_base=None, continue_on_error=False, executor='parallel', parallel_workers=16, event_handlers=None, ignore_user_meta=False, metas=['./colcon.meta'], base_paths=['.'], packages_ignore=None, packages_ignore_regex=None, paths=None, packages_up_to=None, packages_up_to_regex=None, packages_above=None, packages_above_and_dependencies=None, packages_above_depth=None, packages_select_by_dep=None, packages_skip_by_dep=None, packages_skip_up_to=None, packages_select_build_failed=False, packages_skip_build_finished=False, packages_select_test_failures=False, packages_skip_test_passed=False, packages_select=None, packages_skip=None, packages_select_regex=None, packages_skip_regex=None, packages_start=None, packages_end=None, allow_overriding=[], cmake_args=None, cmake_target=None, cmake_target_skip_unavailable=False, cmake_clean_cache=False, cmake_clean_first=False, cmake_force_configure=False, ament_cmake_args=None, catkin_cmake_args=None, catkin_skip_building_tests=False, verb_parser=<colcon_defaults.argument_parser.defaults.DefaultArgumentsDecorator object at 0x781ed63bf2b0>, verb_extension=<colcon_core.verb.build.BuildVerb object at 0x781ed63bed70>, main=<bound method BuildVerb.main of <colcon_core.verb.build.BuildVerb object at 0x781ed63bed70>>)
[0.189s] Level 1:colcon.colcon_core.package_discovery:discover_packages(colcon_meta) check parameters
[0.189s] Level 1:colcon.colcon_core.package_discovery:discover_packages(recursive) check parameters
[0.189s] Level 1:colcon.colcon_core.package_discovery:discover_packages(ignore) check parameters
[0.189s] Level 1:colcon.colcon_core.package_discovery:discover_packages(path) check parameters
[0.189s] Level 1:colcon.colcon_core.package_discovery:discover_packages(colcon_meta) discover
[0.189s] Level 1:colcon.colcon_core.package_discovery:discover_packages(recursive) discover
[0.189s] INFO:colcon.colcon_core.package_discovery:Crawling recursively for packages in '/home/wzd/cpp/ROS2_topic/msg_interface_ws'
[0.189s] Level 1:colcon.colcon_core.package_identification:_identify(.) by extensions ['ignore', 'ignore_ament_install']
[0.189s] Level 1:colcon.colcon_core.package_identification:_identify(.) by extension 'ignore'
[0.189s] Level 1:colcon.colcon_core.package_identification:_identify(.) by extension 'ignore_ament_install'
[0.189s] Level 1:colcon.colcon_core.package_identification:_identify(.) by extensions ['colcon_pkg']
[0.189s] Level 1:colcon.colcon_core.package_identification:_identify(.) by extension 'colcon_pkg'
[0.189s] Level 1:colcon.colcon_core.package_identification:_identify(.) by extensions ['colcon_meta']
[0.189s] Level 1:colcon.colcon_core.package_identification:_identify(.) by extension 'colcon_meta'
[0.189s] Level 1:colcon.colcon_core.package_identification:_identify(.) by extensions ['ros']
[0.189s] Level 1:colcon.colcon_core.package_identification:_identify(.) by extension 'ros'
[0.197s] Level 1:colcon.colcon_core.package_identification:_identify(.) by extensions ['cmake', 'python']
[0.197s] Level 1:colcon.colcon_core.package_identification:_identify(.) by extension 'cmake'
[0.197s] Level 1:colcon.colcon_core.package_identification:_identify(.) by extension 'python'
[0.197s] Level 1:colcon.colcon_core.package_identification:_identify(.) by extensions ['python_setup_py']
[0.197s] Level 1:colcon.colcon_core.package_identification:_identify(.) by extension 'python_setup_py'
[0.197s] Level 1:colcon.colcon_core.package_identification:_identify(build) by extensions ['ignore', 'ignore_ament_install']
[0.197s] Level 1:colcon.colcon_core.package_identification:_identify(build) by extension 'ignore'
[0.197s] Level 1:colcon.colcon_core.package_identification:_identify(build) ignored
[0.197s] Level 1:colcon.colcon_core.package_identification:_identify(install) by extensions ['ignore', 'ignore_ament_install']
[0.197s] Level 1:colcon.colcon_core.package_identification:_identify(install) by extension 'ignore'
[0.198s] Level 1:colcon.colcon_core.package_identification:_identify(install) ignored
[0.198s] Level 1:colcon.colcon_core.package_identification:_identify(log) by extensions ['ignore', 'ignore_ament_install']
[0.198s] Level 1:colcon.colcon_core.package_identification:_identify(log) by extension 'ignore'
[0.198s] Level 1:colcon.colcon_core.package_identification:_identify(log) ignored
[0.198s] Level 1:colcon.colcon_core.package_identification:_identify(msg_interface) by extensions ['ignore', 'ignore_ament_install']
[0.198s] Level 1:colcon.colcon_core.package_identification:_identify(msg_interface) by extension 'ignore'
[0.198s] Level 1:colcon.colcon_core.package_identification:_identify(msg_interface) by extension 'ignore_ament_install'
[0.198s] Level 1:colcon.colcon_core.package_identification:_identify(msg_interface) by extensions ['colcon_pkg']
[0.198s] Level 1:colcon.colcon_core.package_identification:_identify(msg_interface) by extension 'colcon_pkg'
[0.198s] Level 1:colcon.colcon_core.package_identification:_identify(msg_interface) by extensions ['colcon_meta']
[0.198s] Level 1:colcon.colcon_core.package_identification:_identify(msg_interface) by extension 'colcon_meta'
[0.198s] Level 1:colcon.colcon_core.package_identification:_identify(msg_interface) by extensions ['ros']
[0.198s] Level 1:colcon.colcon_core.package_identification:_identify(msg_interface) by extension 'ros'
[0.200s] DEBUG:colcon.colcon_core.package_identification:Package 'msg_interface' with type 'ros.ament_cmake' and name 'msg_interface'
[0.200s] Level 1:colcon.colcon_core.package_discovery:discover_packages(recursive) using defaults
[0.200s] Level 1:colcon.colcon_core.package_discovery:discover_packages(ignore) discover
[0.200s] Level 1:colcon.colcon_core.package_discovery:discover_packages(ignore) using defaults
[0.200s] Level 1:colcon.colcon_core.package_discovery:discover_packages(path) discover
[0.200s] Level 1:colcon.colcon_core.package_discovery:discover_packages(path) using defaults
[0.213s] Level 1:colcon.colcon_core.package_discovery:discover_packages(prefix_path) check parameters
[0.213s] Level 1:colcon.colcon_core.package_discovery:discover_packages(prefix_path) discover
[0.215s] DEBUG:colcon.colcon_installed_package_information.package_discovery:Found 271 installed packages in /opt/ros/humble
[0.216s] Level 1:colcon.colcon_core.package_discovery:discover_packages(prefix_path) using defaults
[0.248s] Level 5:colcon.colcon_core.verb:set package 'msg_interface' build argument 'cmake_args' from command line to 'None'
[0.248s] Level 5:colcon.colcon_core.verb:set package 'msg_interface' build argument 'cmake_target' from command line to 'None'
[0.248s] Level 5:colcon.colcon_core.verb:set package 'msg_interface' build argument 'cmake_target_skip_unavailable' from command line to 'False'
[0.248s] Level 5:colcon.colcon_core.verb:set package 'msg_interface' build argument 'cmake_clean_cache' from command line to 'False'
[0.248s] Level 5:colcon.colcon_core.verb:set package 'msg_interface' build argument 'cmake_clean_first' from command line to 'False'
[0.248s] Level 5:colcon.colcon_core.verb:set package 'msg_interface' build argument 'cmake_force_configure' from command line to 'False'
[0.248s] Level 5:colcon.colcon_core.verb:set package 'msg_interface' build argument 'ament_cmake_args' from command line to 'None'
[0.249s] Level 5:colcon.colcon_core.verb:set package 'msg_interface' build argument 'catkin_cmake_args' from command line to 'None'
[0.249s] Level 5:colcon.colcon_core.verb:set package 'msg_interface' build argument 'catkin_skip_building_tests' from command line to 'False'
[0.249s] DEBUG:colcon.colcon_core.verb:Building package 'msg_interface' with the following arguments: {'ament_cmake_args': None, 'build_base': '/home/wzd/cpp/ROS2_topic/msg_interface_ws/build/msg_interface', 'catkin_cmake_args': None, 'catkin_skip_building_tests': False, 'cmake_args': None, 'cmake_clean_cache': False, 'cmake_clean_first': False, 'cmake_force_configure': False, 'cmake_target': None, 'cmake_target_skip_unavailable': False, 'install_base': '/home/wzd/cpp/ROS2_topic/msg_interface_ws/install/msg_interface', 'merge_install': False, 'path': '/home/wzd/cpp/ROS2_topic/msg_interface_ws/msg_interface', 'symlink_install': False, 'test_result_base': None}
[0.249s] INFO:colcon.colcon_core.executor:Executing jobs using 'parallel' executor
[0.249s] DEBUG:colcon.colcon_parallel_executor.executor.parallel:run_until_complete
[0.250s] INFO:colcon.colcon_ros.task.ament_cmake.build:Building ROS package in '/home/wzd/cpp/ROS2_topic/msg_interface_ws/msg_interface' with build type 'ament_cmake'
[0.250s] INFO:colcon.colcon_cmake.task.cmake.build:Building CMake package in '/home/wzd/cpp/ROS2_topic/msg_interface_ws/msg_interface'
[0.251s] INFO:colcon.colcon_core.plugin_system:Skipping extension 'colcon_core.shell.bat': Not used on non-Windows systems
[0.251s] INFO:colcon.colcon_core.shell:Skip shell extension 'powershell' for command environment: Not usable outside of PowerShell
[0.251s] DEBUG:colcon.colcon_core.shell:Skip shell extension 'dsv' for command environment
[0.258s] DEBUG:colcon.colcon_core.event_handler.log_command:Invoking command in '/home/wzd/cpp/ROS2_topic/msg_interface_ws/build/msg_interface': CMAKE_PREFIX_PATH=/opt/ros/humble /usr/bin/cmake /home/wzd/cpp/ROS2_topic/msg_interface_ws/msg_interface -DCMAKE_INSTALL_PREFIX=/home/wzd/cpp/ROS2_topic/msg_interface_ws/install/msg_interface
[1.025s] DEBUG:colcon.colcon_core.event_handler.log_command:Invoked command in '/home/wzd/cpp/ROS2_topic/msg_interface_ws/build/msg_interface' returned '0': CMAKE_PREFIX_PATH=/opt/ros/humble /usr/bin/cmake /home/wzd/cpp/ROS2_topic/msg_interface_ws/msg_interface -DCMAKE_INSTALL_PREFIX=/home/wzd/cpp/ROS2_topic/msg_interface_ws/install/msg_interface
[1.027s] DEBUG:colcon.colcon_core.event_handler.log_command:Invoking command in '/home/wzd/cpp/ROS2_topic/msg_interface_ws/build/msg_interface': CMAKE_PREFIX_PATH=/opt/ros/humble /usr/bin/cmake --build /home/wzd/cpp/ROS2_topic/msg_interface_ws/build/msg_interface -- -j16 -l16
[2.517s] DEBUG:colcon.colcon_core.event_handler.log_command:Invoked command in '/home/wzd/cpp/ROS2_topic/msg_interface_ws/build/msg_interface' returned '0': CMAKE_PREFIX_PATH=/opt/ros/humble /usr/bin/cmake --build /home/wzd/cpp/ROS2_topic/msg_interface_ws/build/msg_interface -- -j16 -l16
[2.526s] DEBUG:colcon.colcon_core.event_handler.log_command:Invoking command in '/home/wzd/cpp/ROS2_topic/msg_interface_ws/build/msg_interface': CMAKE_PREFIX_PATH=/opt/ros/humble /usr/bin/cmake --install /home/wzd/cpp/ROS2_topic/msg_interface_ws/build/msg_interface
[2.578s] Level 1:colcon.colcon_core.environment:create_environment_scripts_only(msg_interface)
[2.578s] DEBUG:colcon.colcon_core.event_handler.log_command:Invoked command in '/home/wzd/cpp/ROS2_topic/msg_interface_ws/build/msg_interface' returned '0': CMAKE_PREFIX_PATH=/opt/ros/humble /usr/bin/cmake --install /home/wzd/cpp/ROS2_topic/msg_interface_ws/build/msg_interface
[2.580s] Level 1:colcon.colcon_core.environment:checking '/home/wzd/cpp/ROS2_topic/msg_interface_ws/install/msg_interface' for CMake module files
[2.580s] Level 1:colcon.colcon_core.environment:checking '/home/wzd/cpp/ROS2_topic/msg_interface_ws/install/msg_interface' for CMake config files
[2.581s] Level 1:colcon.colcon_core.shell:create_environment_hook('msg_interface', 'cmake_prefix_path')
[2.581s] INFO:colcon.colcon_core.shell:Creating environment hook '/home/wzd/cpp/ROS2_topic/msg_interface_ws/install/msg_interface/share/msg_interface/hook/cmake_prefix_path.ps1'
[2.581s] INFO:colcon.colcon_core.shell:Creating environment descriptor '/home/wzd/cpp/ROS2_topic/msg_interface_ws/install/msg_interface/share/msg_interface/hook/cmake_prefix_path.dsv'
[2.581s] INFO:colcon.colcon_core.shell:Creating environment hook '/home/wzd/cpp/ROS2_topic/msg_interface_ws/install/msg_interface/share/msg_interface/hook/cmake_prefix_path.sh'
[2.582s] Level 1:colcon.colcon_core.environment:checking '/home/wzd/cpp/ROS2_topic/msg_interface_ws/install/msg_interface/lib'
[2.582s] Level 1:colcon.colcon_core.shell:create_environment_hook('msg_interface', 'ld_library_path_lib')
[2.582s] INFO:colcon.colcon_core.shell:Creating environment hook '/home/wzd/cpp/ROS2_topic/msg_interface_ws/install/msg_interface/share/msg_interface/hook/ld_library_path_lib.ps1'
[2.583s] INFO:colcon.colcon_core.shell:Creating environment descriptor '/home/wzd/cpp/ROS2_topic/msg_interface_ws/install/msg_interface/share/msg_interface/hook/ld_library_path_lib.dsv'
[2.583s] INFO:colcon.colcon_core.shell:Creating environment hook '/home/wzd/cpp/ROS2_topic/msg_interface_ws/install/msg_interface/share/msg_interface/hook/ld_library_path_lib.sh'
[2.583s] Level 1:colcon.colcon_core.environment:checking '/home/wzd/cpp/ROS2_topic/msg_interface_ws/install/msg_interface/bin'
[2.583s] Level 1:colcon.colcon_core.environment:checking '/home/wzd/cpp/ROS2_topic/msg_interface_ws/install/msg_interface/lib/pkgconfig/msg_interface.pc'
[2.583s] Level 1:colcon.colcon_core.environment:checking '/home/wzd/cpp/ROS2_topic/msg_interface_ws/install/msg_interface/lib/python3.10/site-packages'
[2.583s] Level 1:colcon.colcon_core.environment:checking '/home/wzd/cpp/ROS2_topic/msg_interface_ws/install/msg_interface/bin'
[2.584s] INFO:colcon.colcon_core.shell:Creating package script '/home/wzd/cpp/ROS2_topic/msg_interface_ws/install/msg_interface/share/msg_interface/package.ps1'
[2.584s] INFO:colcon.colcon_core.shell:Creating package descriptor '/home/wzd/cpp/ROS2_topic/msg_interface_ws/install/msg_interface/share/msg_interface/package.dsv'
[2.585s] INFO:colcon.colcon_core.shell:Creating package script '/home/wzd/cpp/ROS2_topic/msg_interface_ws/install/msg_interface/share/msg_interface/package.sh'
[2.585s] INFO:colcon.colcon_core.shell:Creating package script '/home/wzd/cpp/ROS2_topic/msg_interface_ws/install/msg_interface/share/msg_interface/package.bash'
[2.586s] INFO:colcon.colcon_core.shell:Creating package script '/home/wzd/cpp/ROS2_topic/msg_interface_ws/install/msg_interface/share/msg_interface/package.zsh'
[2.586s] Level 1:colcon.colcon_core.environment:create_file_with_runtime_dependencies(/home/wzd/cpp/ROS2_topic/msg_interface_ws/install/msg_interface/share/colcon-core/packages/msg_interface)
[2.587s] Level 1:colcon.colcon_core.environment:create_environment_scripts_only(msg_interface)
[2.587s] Level 1:colcon.colcon_core.environment:checking '/home/wzd/cpp/ROS2_topic/msg_interface_ws/install/msg_interface' for CMake module files
[2.587s] Level 1:colcon.colcon_core.environment:checking '/home/wzd/cpp/ROS2_topic/msg_interface_ws/install/msg_interface' for CMake config files
[2.587s] Level 1:colcon.colcon_core.shell:create_environment_hook('msg_interface', 'cmake_prefix_path')
[2.588s] INFO:colcon.colcon_core.shell:Creating environment hook '/home/wzd/cpp/ROS2_topic/msg_interface_ws/install/msg_interface/share/msg_interface/hook/cmake_prefix_path.ps1'
[2.588s] INFO:colcon.colcon_core.shell:Creating environment descriptor '/home/wzd/cpp/ROS2_topic/msg_interface_ws/install/msg_interface/share/msg_interface/hook/cmake_prefix_path.dsv'
[2.588s] INFO:colcon.colcon_core.shell:Creating environment hook '/home/wzd/cpp/ROS2_topic/msg_interface_ws/install/msg_interface/share/msg_interface/hook/cmake_prefix_path.sh'
[2.589s] Level 1:colcon.colcon_core.environment:checking '/home/wzd/cpp/ROS2_topic/msg_interface_ws/install/msg_interface/lib'
[2.589s] Level 1:colcon.colcon_core.shell:create_environment_hook('msg_interface', 'ld_library_path_lib')
[2.589s] INFO:colcon.colcon_core.shell:Creating environment hook '/home/wzd/cpp/ROS2_topic/msg_interface_ws/install/msg_interface/share/msg_interface/hook/ld_library_path_lib.ps1'
[2.589s] INFO:colcon.colcon_core.shell:Creating environment descriptor '/home/wzd/cpp/ROS2_topic/msg_interface_ws/install/msg_interface/share/msg_interface/hook/ld_library_path_lib.dsv'
[2.589s] INFO:colcon.colcon_core.shell:Creating environment hook '/home/wzd/cpp/ROS2_topic/msg_interface_ws/install/msg_interface/share/msg_interface/hook/ld_library_path_lib.sh'
[2.589s] Level 1:colcon.colcon_core.environment:checking '/home/wzd/cpp/ROS2_topic/msg_interface_ws/install/msg_interface/bin'
[2.590s] Level 1:colcon.colcon_core.environment:checking '/home/wzd/cpp/ROS2_topic/msg_interface_ws/install/msg_interface/lib/pkgconfig/msg_interface.pc'
[2.590s] Level 1:colcon.colcon_core.environment:checking '/home/wzd/cpp/ROS2_topic/msg_interface_ws/install/msg_interface/lib/python3.10/site-packages'
[2.590s] Level 1:colcon.colcon_core.environment:checking '/home/wzd/cpp/ROS2_topic/msg_interface_ws/install/msg_interface/bin'
[2.590s] INFO:colcon.colcon_core.shell:Creating package script '/home/wzd/cpp/ROS2_topic/msg_interface_ws/install/msg_interface/share/msg_interface/package.ps1'
[2.590s] INFO:colcon.colcon_core.shell:Creating package descriptor '/home/wzd/cpp/ROS2_topic/msg_interface_ws/install/msg_interface/share/msg_interface/package.dsv'
[2.591s] INFO:colcon.colcon_core.shell:Creating package script '/home/wzd/cpp/ROS2_topic/msg_interface_ws/install/msg_interface/share/msg_interface/package.sh'
[2.591s] INFO:colcon.colcon_core.shell:Creating package script '/home/wzd/cpp/ROS2_topic/msg_interface_ws/install/msg_interface/share/msg_interface/package.bash'
[2.591s] INFO:colcon.colcon_core.shell:Creating package script '/home/wzd/cpp/ROS2_topic/msg_interface_ws/install/msg_interface/share/msg_interface/package.zsh'
[2.592s] Level 1:colcon.colcon_core.environment:create_file_with_runtime_dependencies(/home/wzd/cpp/ROS2_topic/msg_interface_ws/install/msg_interface/share/colcon-core/packages/msg_interface)
[2.592s] DEBUG:colcon.colcon_parallel_executor.executor.parallel:closing loop
[2.592s] DEBUG:colcon.colcon_parallel_executor.executor.parallel:loop closed
[2.592s] DEBUG:colcon.colcon_parallel_executor.executor.parallel:run_until_complete finished with '0'
[2.592s] DEBUG:colcon.colcon_core.event_reactor:joining thread
[2.596s] INFO:colcon.colcon_core.plugin_system:Skipping extension 'colcon_notification.desktop_notification.terminal_notifier': Not used on non-Darwin systems
[2.596s] INFO:colcon.colcon_core.plugin_system:Skipping extension 'colcon_notification.desktop_notification.win32': Not used on non-Windows systems
[2.596s] INFO:colcon.colcon_notification.desktop_notification:Sending desktop notification using 'notify2'
[2.606s] DEBUG:colcon.colcon_core.event_reactor:joined thread
[2.607s] INFO:colcon.colcon_core.shell:Creating prefix script '/home/wzd/cpp/ROS2_topic/msg_interface_ws/install/local_setup.ps1'
[2.607s] INFO:colcon.colcon_core.shell:Creating prefix util module '/home/wzd/cpp/ROS2_topic/msg_interface_ws/install/_local_setup_util_ps1.py'
[2.608s] INFO:colcon.colcon_core.shell:Creating prefix chain script '/home/wzd/cpp/ROS2_topic/msg_interface_ws/install/setup.ps1'
[2.610s] INFO:colcon.colcon_core.shell:Creating prefix script '/home/wzd/cpp/ROS2_topic/msg_interface_ws/install/local_setup.sh'
[2.610s] INFO:colcon.colcon_core.shell:Creating prefix util module '/home/wzd/cpp/ROS2_topic/msg_interface_ws/install/_local_setup_util_sh.py'
[2.610s] INFO:colcon.colcon_core.shell:Creating prefix chain script '/home/wzd/cpp/ROS2_topic/msg_interface_ws/install/setup.sh'
[2.611s] INFO:colcon.colcon_core.shell:Creating prefix script '/home/wzd/cpp/ROS2_topic/msg_interface_ws/install/local_setup.bash'
[2.611s] INFO:colcon.colcon_core.shell:Creating prefix chain script '/home/wzd/cpp/ROS2_topic/msg_interface_ws/install/setup.bash'
[2.612s] INFO:colcon.colcon_core.shell:Creating prefix script '/home/wzd/cpp/ROS2_topic/msg_interface_ws/install/local_setup.zsh'
[2.612s] INFO:colcon.colcon_core.shell:Creating prefix chain script '/home/wzd/cpp/ROS2_topic/msg_interface_ws/install/setup.zsh'
