[0.007s] Invoking command in '/home/wzd/cpp/ROS2_topic/msg_interface_ws/build/msg_interface': CMAKE_PREFIX_PATH=/opt/ros/humble /usr/bin/cmake /home/wzd/cpp/ROS2_topic/msg_interface_ws/msg_interface -DCMAKE_INSTALL_PREFIX=/home/wzd/cpp/ROS2_topic/msg_interface_ws/install/msg_interface
[0.017s] -- Found ament_cmake: 1.3.12 (/opt/ros/humble/share/ament_cmake/cmake)
[0.103s] -- Found builtin_interfaces: 1.2.2 (/opt/ros/humble/share/builtin_interfaces/cmake)
[0.120s] -- Found rosidl_generator_c: 3.1.7 (/opt/ros/humble/share/rosidl_generator_c/cmake)
[0.121s] -- Found rosidl_adapter: 3.1.7 (/opt/ros/humble/share/rosidl_adapter/cmake)
[0.125s] -- Found rosidl_generator_cpp: 3.1.7 (/opt/ros/humble/share/rosidl_generator_cpp/cmake)
[0.132s] -- Using all available rosidl_typesupport_c: rosidl_typesupport_fastrtps_c;rosidl_typesupport_introspection_c
[0.140s] -- Using all available rosidl_typesupport_cpp: rosidl_typesupport_fastrtps_cpp;rosidl_typesupport_introspection_cpp
[0.148s] -- Found rosidl_default_generators: 1.2.0 (/opt/ros/humble/share/rosidl_default_generators/cmake)
[0.327s] -- Found ament_cmake_ros: 0.10.0 (/opt/ros/humble/share/ament_cmake_ros/cmake)
[0.550s] -- Using all available rosidl_typesupport_c: rosidl_typesupport_fastrtps_c;rosidl_typesupport_introspection_c
[0.635s] -- Using all available rosidl_typesupport_cpp: rosidl_typesupport_fastrtps_cpp;rosidl_typesupport_introspection_cpp
[0.651s] -- Found PythonInterp: /usr/bin/python3 (found suitable version "3.10.12", minimum required is "3.6") 
[0.653s] -- Found python_cmake_module: 0.10.0 (/opt/ros/humble/share/python_cmake_module/cmake)
[0.673s] -- Found PythonLibs: /usr/lib/x86_64-linux-gnu/libpython3.10.so (found suitable version "3.10.12", minimum required is "3.5") 
[0.673s] -- Using PYTHON_EXECUTABLE: /usr/bin/python3
[0.673s] -- Using PYTHON_INCLUDE_DIRS: /usr/include/python3.10
[0.673s] -- Using PYTHON_LIBRARIES: /usr/lib/x86_64-linux-gnu/libpython3.10.so
[0.689s] -- Found PythonExtra: .so  
[0.715s] -- Found ament_lint_auto: 0.12.14 (/opt/ros/humble/share/ament_lint_auto/cmake)
[0.735s] -- Added test 'lint_cmake' to check CMake code style
[0.736s] -- Added test 'xmllint' to check XML markup files
[0.738s] -- Configuring done
[0.762s] -- Generating done
[0.770s] -- Build files have been written to: /home/wzd/cpp/ROS2_topic/msg_interface_ws/build/msg_interface
[0.775s] Invoked command in '/home/wzd/cpp/ROS2_topic/msg_interface_ws/build/msg_interface' returned '0': CMAKE_PREFIX_PATH=/opt/ros/humble /usr/bin/cmake /home/wzd/cpp/ROS2_topic/msg_interface_ws/msg_interface -DCMAKE_INSTALL_PREFIX=/home/wzd/cpp/ROS2_topic/msg_interface_ws/install/msg_interface
[0.776s] Invoking command in '/home/wzd/cpp/ROS2_topic/msg_interface_ws/build/msg_interface': CMAKE_PREFIX_PATH=/opt/ros/humble /usr/bin/cmake --build /home/wzd/cpp/ROS2_topic/msg_interface_ws/build/msg_interface -- -j16 -l16
[0.807s] [  3%] [34m[1mGenerating C code for ROS interfaces[0m
[0.815s] [  6%] [34m[1mGenerating C++ code for ROS interfaces[0m
[0.823s] [  6%] Built target ament_cmake_python_copy_msg_interface
[0.991s] running egg_info
[0.992s] creating msg_interface.egg-info
[0.992s] writing msg_interface.egg-info/PKG-INFO
[0.992s] writing dependency_links to msg_interface.egg-info/dependency_links.txt
[0.992s] writing top-level names to msg_interface.egg-info/top_level.txt
[0.992s] writing manifest file 'msg_interface.egg-info/SOURCES.txt'
[0.994s] reading manifest file 'msg_interface.egg-info/SOURCES.txt'
[0.994s] writing manifest file 'msg_interface.egg-info/SOURCES.txt'
[1.014s] [  6%] Built target ament_cmake_python_build_msg_interface_egg
[1.039s] [  6%] Built target msg_interface__cpp
[1.046s] [ 12%] [34m[1mGenerating C++ type support dispatch for ROS interfaces[0m
[1.046s] [ 12%] [32mBuilding C object CMakeFiles/msg_interface__rosidl_generator_c.dir/rosidl_generator_c/msg_interface/msg/detail/system_status__functions.c.o[0m
[1.046s] [ 16%] [34m[1mGenerating C++ type support for eProsima Fast-RTPS[0m
[1.046s] [ 19%] [34m[1mGenerating C++ introspection for ROS interfaces[0m
[1.092s] [ 22%] [32m[1mLinking C shared library libmsg_interface__rosidl_generator_c.so[0m
[1.122s] [ 22%] Built target msg_interface__rosidl_generator_c
[1.130s] [ 32%] [34m[1mGenerating C type support dispatch for ROS interfaces[0m
[1.130s] [ 32%] [34m[1mGenerating C type support for eProsima Fast-RTPS[0m
[1.130s] [ 32%] [34m[1mGenerating C introspection for ROS interfaces[0m
[1.253s] [ 35%] [32mBuilding CXX object CMakeFiles/msg_interface__rosidl_typesupport_cpp.dir/rosidl_typesupport_cpp/msg_interface/msg/system_status__type_support.cpp.o[0m
[1.266s] [ 38%] [32mBuilding CXX object CMakeFiles/msg_interface__rosidl_typesupport_introspection_cpp.dir/rosidl_typesupport_introspection_cpp/msg_interface/msg/detail/system_status__type_support.cpp.o[0m
[1.274s] [ 41%] [32mBuilding CXX object CMakeFiles/msg_interface__rosidl_typesupport_fastrtps_cpp.dir/rosidl_typesupport_fastrtps_cpp/msg_interface/msg/detail/dds_fastrtps/system_status__type_support.cpp.o[0m
[1.342s] [ 45%] [32mBuilding CXX object CMakeFiles/msg_interface__rosidl_typesupport_c.dir/rosidl_typesupport_c/msg_interface/msg/system_status__type_support.cpp.o[0m
[1.355s] [ 48%] [32mBuilding C object CMakeFiles/msg_interface__rosidl_typesupport_introspection_c.dir/rosidl_typesupport_introspection_c/msg_interface/msg/detail/system_status__type_support.c.o[0m
[1.359s] [ 51%] [32mBuilding CXX object CMakeFiles/msg_interface__rosidl_typesupport_fastrtps_c.dir/rosidl_typesupport_fastrtps_c/msg_interface/msg/detail/system_status__type_support_c.cpp.o[0m
[1.366s] [ 54%] [32m[1mLinking CXX shared library libmsg_interface__rosidl_typesupport_c.so[0m
[1.384s] [ 58%] [32m[1mLinking C shared library libmsg_interface__rosidl_typesupport_introspection_c.so[0m
[1.400s] [ 58%] Built target msg_interface__rosidl_typesupport_c
[1.411s] [ 58%] Built target msg_interface__rosidl_typesupport_introspection_c
[1.449s] [ 61%] [32m[1mLinking CXX shared library libmsg_interface__rosidl_typesupport_cpp.so[0m
[1.481s] [ 61%] Built target msg_interface__rosidl_typesupport_cpp
[1.538s] [ 64%] [32m[1mLinking CXX shared library libmsg_interface__rosidl_typesupport_introspection_cpp.so[0m
[1.562s] [ 67%] [32m[1mLinking CXX shared library libmsg_interface__rosidl_typesupport_fastrtps_cpp.so[0m
[1.585s] [ 67%] Built target msg_interface__rosidl_typesupport_introspection_cpp
[1.601s] [ 70%] [32m[1mLinking CXX shared library libmsg_interface__rosidl_typesupport_fastrtps_c.so[0m
[1.616s] [ 70%] Built target msg_interface__rosidl_typesupport_fastrtps_cpp
[1.655s] [ 70%] Built target msg_interface__rosidl_typesupport_fastrtps_c
[1.671s] [ 70%] Built target msg_interface
[1.686s] [ 74%] [34m[1mGenerating Python code for ROS interfaces[0m
[1.991s] [ 74%] Built target msg_interface__py
[2.007s] [ 77%] [32mBuilding C object CMakeFiles/msg_interface__rosidl_generator_py.dir/rosidl_generator_py/msg_interface/msg/_system_status_s.c.o[0m
[2.107s] [ 80%] [32m[1mLinking C shared library rosidl_generator_py/msg_interface/libmsg_interface__rosidl_generator_py.so[0m
[2.139s] [ 80%] Built target msg_interface__rosidl_generator_py
[2.155s] [ 90%] [32mBuilding C object CMakeFiles/msg_interface__rosidl_typesupport_fastrtps_c__pyext.dir/rosidl_generator_py/msg_interface/_msg_interface_s.ep.rosidl_typesupport_fastrtps_c.c.o[0m
[2.155s] [ 90%] [32mBuilding C object CMakeFiles/msg_interface__rosidl_typesupport_c__pyext.dir/rosidl_generator_py/msg_interface/_msg_interface_s.ep.rosidl_typesupport_c.c.o[0m
[2.156s] [ 90%] [32mBuilding C object CMakeFiles/msg_interface__rosidl_typesupport_introspection_c__pyext.dir/rosidl_generator_py/msg_interface/_msg_interface_s.ep.rosidl_typesupport_introspection_c.c.o[0m
[2.229s] [100%] [32m[1mLinking C shared library rosidl_generator_py/msg_interface/msg_interface_s__rosidl_typesupport_introspection_c.cpython-310-x86_64-linux-gnu.so[0m
[2.230s] [100%] [32m[1mLinking C shared library rosidl_generator_py/msg_interface/msg_interface_s__rosidl_typesupport_c.cpython-310-x86_64-linux-gnu.so[0m
[2.230s] [100%] [32m[1mLinking C shared library rosidl_generator_py/msg_interface/msg_interface_s__rosidl_typesupport_fastrtps_c.cpython-310-x86_64-linux-gnu.so[0m
[2.258s] [100%] Built target msg_interface__rosidl_typesupport_introspection_c__pyext
[2.258s] [100%] Built target msg_interface__rosidl_typesupport_c__pyext
[2.258s] [100%] Built target msg_interface__rosidl_typesupport_fastrtps_c__pyext
[2.267s] Invoked command in '/home/wzd/cpp/ROS2_topic/msg_interface_ws/build/msg_interface' returned '0': CMAKE_PREFIX_PATH=/opt/ros/humble /usr/bin/cmake --build /home/wzd/cpp/ROS2_topic/msg_interface_ws/build/msg_interface -- -j16 -l16
[2.275s] Invoking command in '/home/wzd/cpp/ROS2_topic/msg_interface_ws/build/msg_interface': CMAKE_PREFIX_PATH=/opt/ros/humble /usr/bin/cmake --install /home/wzd/cpp/ROS2_topic/msg_interface_ws/build/msg_interface
[2.281s] -- Install configuration: ""
[2.281s] -- Installing: /home/wzd/cpp/ROS2_topic/msg_interface_ws/install/msg_interface/share/ament_index/resource_index/rosidl_interfaces/msg_interface
[2.281s] -- Installing: /home/wzd/cpp/ROS2_topic/msg_interface_ws/install/msg_interface/include/msg_interface/msg_interface
[2.282s] -- Installing: /home/wzd/cpp/ROS2_topic/msg_interface_ws/install/msg_interface/include/msg_interface/msg_interface/msg
[2.282s] -- Installing: /home/wzd/cpp/ROS2_topic/msg_interface_ws/install/msg_interface/include/msg_interface/msg_interface/msg/detail
[2.282s] -- Installing: /home/wzd/cpp/ROS2_topic/msg_interface_ws/install/msg_interface/include/msg_interface/msg_interface/msg/detail/system_status__type_support.h
[2.282s] -- Installing: /home/wzd/cpp/ROS2_topic/msg_interface_ws/install/msg_interface/include/msg_interface/msg_interface/msg/detail/system_status__functions.h
[2.282s] -- Installing: /home/wzd/cpp/ROS2_topic/msg_interface_ws/install/msg_interface/include/msg_interface/msg_interface/msg/detail/system_status__struct.h
[2.282s] -- Installing: /home/wzd/cpp/ROS2_topic/msg_interface_ws/install/msg_interface/include/msg_interface/msg_interface/msg/detail/system_status__functions.c
[2.282s] -- Installing: /home/wzd/cpp/ROS2_topic/msg_interface_ws/install/msg_interface/include/msg_interface/msg_interface/msg/system_status.h
[2.282s] -- Installing: /home/wzd/cpp/ROS2_topic/msg_interface_ws/install/msg_interface/include/msg_interface/msg_interface/msg/rosidl_generator_c__visibility_control.h
[2.282s] -- Installing: /home/wzd/cpp/ROS2_topic/msg_interface_ws/install/msg_interface/share/msg_interface/environment/library_path.sh
[2.283s] -- Installing: /home/wzd/cpp/ROS2_topic/msg_interface_ws/install/msg_interface/share/msg_interface/environment/library_path.dsv
[2.283s] -- Installing: /home/wzd/cpp/ROS2_topic/msg_interface_ws/install/msg_interface/lib/libmsg_interface__rosidl_generator_c.so
[2.283s] -- Set runtime path of "/home/wzd/cpp/ROS2_topic/msg_interface_ws/install/msg_interface/lib/libmsg_interface__rosidl_generator_c.so" to ""
[2.283s] -- Up-to-date: /home/wzd/cpp/ROS2_topic/msg_interface_ws/install/msg_interface/include/msg_interface/msg_interface
[2.283s] -- Up-to-date: /home/wzd/cpp/ROS2_topic/msg_interface_ws/install/msg_interface/include/msg_interface/msg_interface/msg
[2.283s] -- Up-to-date: /home/wzd/cpp/ROS2_topic/msg_interface_ws/install/msg_interface/include/msg_interface/msg_interface/msg/detail
[2.283s] -- Installing: /home/wzd/cpp/ROS2_topic/msg_interface_ws/install/msg_interface/include/msg_interface/msg_interface/msg/detail/system_status__rosidl_typesupport_fastrtps_c.h
[2.283s] -- Installing: /home/wzd/cpp/ROS2_topic/msg_interface_ws/install/msg_interface/include/msg_interface/msg_interface/msg/rosidl_typesupport_fastrtps_c__visibility_control.h
[2.284s] -- Installing: /home/wzd/cpp/ROS2_topic/msg_interface_ws/install/msg_interface/lib/libmsg_interface__rosidl_typesupport_fastrtps_c.so
[2.284s] -- Set runtime path of "/home/wzd/cpp/ROS2_topic/msg_interface_ws/install/msg_interface/lib/libmsg_interface__rosidl_typesupport_fastrtps_c.so" to ""
[2.284s] -- Up-to-date: /home/wzd/cpp/ROS2_topic/msg_interface_ws/install/msg_interface/include/msg_interface/msg_interface
[2.284s] -- Up-to-date: /home/wzd/cpp/ROS2_topic/msg_interface_ws/install/msg_interface/include/msg_interface/msg_interface/msg
[2.284s] -- Up-to-date: /home/wzd/cpp/ROS2_topic/msg_interface_ws/install/msg_interface/include/msg_interface/msg_interface/msg/detail
[2.284s] -- Installing: /home/wzd/cpp/ROS2_topic/msg_interface_ws/install/msg_interface/include/msg_interface/msg_interface/msg/detail/system_status__builder.hpp
[2.284s] -- Installing: /home/wzd/cpp/ROS2_topic/msg_interface_ws/install/msg_interface/include/msg_interface/msg_interface/msg/detail/system_status__traits.hpp
[2.284s] -- Installing: /home/wzd/cpp/ROS2_topic/msg_interface_ws/install/msg_interface/include/msg_interface/msg_interface/msg/detail/system_status__type_support.hpp
[2.284s] -- Installing: /home/wzd/cpp/ROS2_topic/msg_interface_ws/install/msg_interface/include/msg_interface/msg_interface/msg/detail/system_status__struct.hpp
[2.284s] -- Installing: /home/wzd/cpp/ROS2_topic/msg_interface_ws/install/msg_interface/include/msg_interface/msg_interface/msg/system_status.hpp
[2.285s] -- Installing: /home/wzd/cpp/ROS2_topic/msg_interface_ws/install/msg_interface/include/msg_interface/msg_interface/msg/rosidl_generator_cpp__visibility_control.hpp
[2.285s] -- Up-to-date: /home/wzd/cpp/ROS2_topic/msg_interface_ws/install/msg_interface/include/msg_interface/msg_interface
[2.285s] -- Up-to-date: /home/wzd/cpp/ROS2_topic/msg_interface_ws/install/msg_interface/include/msg_interface/msg_interface/msg
[2.285s] -- Up-to-date: /home/wzd/cpp/ROS2_topic/msg_interface_ws/install/msg_interface/include/msg_interface/msg_interface/msg/detail
[2.285s] -- Installing: /home/wzd/cpp/ROS2_topic/msg_interface_ws/install/msg_interface/include/msg_interface/msg_interface/msg/detail/system_status__rosidl_typesupport_fastrtps_cpp.hpp
[2.285s] -- Installing: /home/wzd/cpp/ROS2_topic/msg_interface_ws/install/msg_interface/include/msg_interface/msg_interface/msg/detail/dds_fastrtps
[2.285s] -- Installing: /home/wzd/cpp/ROS2_topic/msg_interface_ws/install/msg_interface/include/msg_interface/msg_interface/msg/rosidl_typesupport_fastrtps_cpp__visibility_control.h
[2.285s] -- Installing: /home/wzd/cpp/ROS2_topic/msg_interface_ws/install/msg_interface/lib/libmsg_interface__rosidl_typesupport_fastrtps_cpp.so
[2.285s] -- Set runtime path of "/home/wzd/cpp/ROS2_topic/msg_interface_ws/install/msg_interface/lib/libmsg_interface__rosidl_typesupport_fastrtps_cpp.so" to ""
[2.285s] -- Up-to-date: /home/wzd/cpp/ROS2_topic/msg_interface_ws/install/msg_interface/include/msg_interface/msg_interface
[2.286s] -- Up-to-date: /home/wzd/cpp/ROS2_topic/msg_interface_ws/install/msg_interface/include/msg_interface/msg_interface/msg
[2.286s] -- Up-to-date: /home/wzd/cpp/ROS2_topic/msg_interface_ws/install/msg_interface/include/msg_interface/msg_interface/msg/detail
[2.286s] -- Installing: /home/wzd/cpp/ROS2_topic/msg_interface_ws/install/msg_interface/include/msg_interface/msg_interface/msg/detail/system_status__rosidl_typesupport_introspection_c.h
[2.286s] -- Installing: /home/wzd/cpp/ROS2_topic/msg_interface_ws/install/msg_interface/include/msg_interface/msg_interface/msg/detail/system_status__type_support.c
[2.286s] -- Installing: /home/wzd/cpp/ROS2_topic/msg_interface_ws/install/msg_interface/include/msg_interface/msg_interface/msg/rosidl_typesupport_introspection_c__visibility_control.h
[2.286s] -- Installing: /home/wzd/cpp/ROS2_topic/msg_interface_ws/install/msg_interface/lib/libmsg_interface__rosidl_typesupport_introspection_c.so
[2.286s] -- Set runtime path of "/home/wzd/cpp/ROS2_topic/msg_interface_ws/install/msg_interface/lib/libmsg_interface__rosidl_typesupport_introspection_c.so" to ""
[2.286s] -- Installing: /home/wzd/cpp/ROS2_topic/msg_interface_ws/install/msg_interface/lib/libmsg_interface__rosidl_typesupport_c.so
[2.287s] -- Set runtime path of "/home/wzd/cpp/ROS2_topic/msg_interface_ws/install/msg_interface/lib/libmsg_interface__rosidl_typesupport_c.so" to ""
[2.287s] -- Up-to-date: /home/wzd/cpp/ROS2_topic/msg_interface_ws/install/msg_interface/include/msg_interface/msg_interface
[2.287s] -- Up-to-date: /home/wzd/cpp/ROS2_topic/msg_interface_ws/install/msg_interface/include/msg_interface/msg_interface/msg
[2.287s] -- Up-to-date: /home/wzd/cpp/ROS2_topic/msg_interface_ws/install/msg_interface/include/msg_interface/msg_interface/msg/detail
[2.287s] -- Installing: /home/wzd/cpp/ROS2_topic/msg_interface_ws/install/msg_interface/include/msg_interface/msg_interface/msg/detail/system_status__type_support.cpp
[2.287s] -- Installing: /home/wzd/cpp/ROS2_topic/msg_interface_ws/install/msg_interface/include/msg_interface/msg_interface/msg/detail/system_status__rosidl_typesupport_introspection_cpp.hpp
[2.287s] -- Installing: /home/wzd/cpp/ROS2_topic/msg_interface_ws/install/msg_interface/lib/libmsg_interface__rosidl_typesupport_introspection_cpp.so
[2.287s] -- Set runtime path of "/home/wzd/cpp/ROS2_topic/msg_interface_ws/install/msg_interface/lib/libmsg_interface__rosidl_typesupport_introspection_cpp.so" to ""
[2.287s] -- Installing: /home/wzd/cpp/ROS2_topic/msg_interface_ws/install/msg_interface/lib/libmsg_interface__rosidl_typesupport_cpp.so
[2.288s] -- Set runtime path of "/home/wzd/cpp/ROS2_topic/msg_interface_ws/install/msg_interface/lib/libmsg_interface__rosidl_typesupport_cpp.so" to ""
[2.288s] -- Installing: /home/wzd/cpp/ROS2_topic/msg_interface_ws/install/msg_interface/share/msg_interface/environment/pythonpath.sh
[2.288s] -- Installing: /home/wzd/cpp/ROS2_topic/msg_interface_ws/install/msg_interface/share/msg_interface/environment/pythonpath.dsv
[2.288s] -- Installing: /home/wzd/cpp/ROS2_topic/msg_interface_ws/install/msg_interface/local/lib/python3.10/dist-packages/msg_interface-0.0.0-py3.10.egg-info
[2.288s] -- Installing: /home/wzd/cpp/ROS2_topic/msg_interface_ws/install/msg_interface/local/lib/python3.10/dist-packages/msg_interface-0.0.0-py3.10.egg-info/PKG-INFO
[2.288s] -- Installing: /home/wzd/cpp/ROS2_topic/msg_interface_ws/install/msg_interface/local/lib/python3.10/dist-packages/msg_interface-0.0.0-py3.10.egg-info/SOURCES.txt
[2.288s] -- Installing: /home/wzd/cpp/ROS2_topic/msg_interface_ws/install/msg_interface/local/lib/python3.10/dist-packages/msg_interface-0.0.0-py3.10.egg-info/dependency_links.txt
[2.288s] -- Installing: /home/wzd/cpp/ROS2_topic/msg_interface_ws/install/msg_interface/local/lib/python3.10/dist-packages/msg_interface-0.0.0-py3.10.egg-info/top_level.txt
[2.288s] -- Installing: /home/wzd/cpp/ROS2_topic/msg_interface_ws/install/msg_interface/local/lib/python3.10/dist-packages/msg_interface
[2.289s] -- Installing: /home/wzd/cpp/ROS2_topic/msg_interface_ws/install/msg_interface/local/lib/python3.10/dist-packages/msg_interface/_msg_interface_s.ep.rosidl_typesupport_c.c
[2.289s] -- Installing: /home/wzd/cpp/ROS2_topic/msg_interface_ws/install/msg_interface/local/lib/python3.10/dist-packages/msg_interface/msg_interface_s__rosidl_typesupport_fastrtps_c.cpython-310-x86_64-linux-gnu.so
[2.289s] -- Installing: /home/wzd/cpp/ROS2_topic/msg_interface_ws/install/msg_interface/local/lib/python3.10/dist-packages/msg_interface/__init__.py
[2.289s] -- Installing: /home/wzd/cpp/ROS2_topic/msg_interface_ws/install/msg_interface/local/lib/python3.10/dist-packages/msg_interface/_msg_interface_s.ep.rosidl_typesupport_fastrtps_c.c
[2.289s] -- Installing: /home/wzd/cpp/ROS2_topic/msg_interface_ws/install/msg_interface/local/lib/python3.10/dist-packages/msg_interface/libmsg_interface__rosidl_generator_py.so
[2.289s] -- Installing: /home/wzd/cpp/ROS2_topic/msg_interface_ws/install/msg_interface/local/lib/python3.10/dist-packages/msg_interface/msg
[2.289s] -- Installing: /home/wzd/cpp/ROS2_topic/msg_interface_ws/install/msg_interface/local/lib/python3.10/dist-packages/msg_interface/msg/__init__.py
[2.289s] -- Installing: /home/wzd/cpp/ROS2_topic/msg_interface_ws/install/msg_interface/local/lib/python3.10/dist-packages/msg_interface/msg/_system_status.py
[2.289s] -- Installing: /home/wzd/cpp/ROS2_topic/msg_interface_ws/install/msg_interface/local/lib/python3.10/dist-packages/msg_interface/msg/_system_status_s.c
[2.289s] -- Installing: /home/wzd/cpp/ROS2_topic/msg_interface_ws/install/msg_interface/local/lib/python3.10/dist-packages/msg_interface/_msg_interface_s.ep.rosidl_typesupport_introspection_c.c
[2.290s] -- Installing: /home/wzd/cpp/ROS2_topic/msg_interface_ws/install/msg_interface/local/lib/python3.10/dist-packages/msg_interface/msg_interface_s__rosidl_typesupport_c.cpython-310-x86_64-linux-gnu.so
[2.290s] -- Installing: /home/wzd/cpp/ROS2_topic/msg_interface_ws/install/msg_interface/local/lib/python3.10/dist-packages/msg_interface/msg_interface_s__rosidl_typesupport_introspection_c.cpython-310-x86_64-linux-gnu.so
[2.315s] Listing '/home/wzd/cpp/ROS2_topic/msg_interface_ws/install/msg_interface/local/lib/python3.10/dist-packages/msg_interface'...
[2.315s] Compiling '/home/wzd/cpp/ROS2_topic/msg_interface_ws/install/msg_interface/local/lib/python3.10/dist-packages/msg_interface/__init__.py'...
[2.315s] Listing '/home/wzd/cpp/ROS2_topic/msg_interface_ws/install/msg_interface/local/lib/python3.10/dist-packages/msg_interface/msg'...
[2.315s] Compiling '/home/wzd/cpp/ROS2_topic/msg_interface_ws/install/msg_interface/local/lib/python3.10/dist-packages/msg_interface/msg/__init__.py'...
[2.315s] Compiling '/home/wzd/cpp/ROS2_topic/msg_interface_ws/install/msg_interface/local/lib/python3.10/dist-packages/msg_interface/msg/_system_status.py'...
[2.319s] -- Installing: /home/wzd/cpp/ROS2_topic/msg_interface_ws/install/msg_interface/local/lib/python3.10/dist-packages/msg_interface/msg_interface_s__rosidl_typesupport_fastrtps_c.cpython-310-x86_64-linux-gnu.so
[2.319s] -- Set runtime path of "/home/wzd/cpp/ROS2_topic/msg_interface_ws/install/msg_interface/local/lib/python3.10/dist-packages/msg_interface/msg_interface_s__rosidl_typesupport_fastrtps_c.cpython-310-x86_64-linux-gnu.so" to ""
[2.319s] -- Installing: /home/wzd/cpp/ROS2_topic/msg_interface_ws/install/msg_interface/local/lib/python3.10/dist-packages/msg_interface/msg_interface_s__rosidl_typesupport_introspection_c.cpython-310-x86_64-linux-gnu.so
[2.320s] -- Set runtime path of "/home/wzd/cpp/ROS2_topic/msg_interface_ws/install/msg_interface/local/lib/python3.10/dist-packages/msg_interface/msg_interface_s__rosidl_typesupport_introspection_c.cpython-310-x86_64-linux-gnu.so" to ""
[2.320s] -- Installing: /home/wzd/cpp/ROS2_topic/msg_interface_ws/install/msg_interface/local/lib/python3.10/dist-packages/msg_interface/msg_interface_s__rosidl_typesupport_c.cpython-310-x86_64-linux-gnu.so
[2.320s] -- Set runtime path of "/home/wzd/cpp/ROS2_topic/msg_interface_ws/install/msg_interface/local/lib/python3.10/dist-packages/msg_interface/msg_interface_s__rosidl_typesupport_c.cpython-310-x86_64-linux-gnu.so" to ""
[2.320s] -- Installing: /home/wzd/cpp/ROS2_topic/msg_interface_ws/install/msg_interface/lib/libmsg_interface__rosidl_generator_py.so
[2.320s] -- Set runtime path of "/home/wzd/cpp/ROS2_topic/msg_interface_ws/install/msg_interface/lib/libmsg_interface__rosidl_generator_py.so" to ""
[2.320s] -- Installing: /home/wzd/cpp/ROS2_topic/msg_interface_ws/install/msg_interface/share/msg_interface/msg/SystemStatus.idl
[2.321s] -- Installing: /home/wzd/cpp/ROS2_topic/msg_interface_ws/install/msg_interface/share/msg_interface/msg/SystemStatus.msg
[2.321s] -- Installing: /home/wzd/cpp/ROS2_topic/msg_interface_ws/install/msg_interface/share/ament_index/resource_index/package_run_dependencies/msg_interface
[2.321s] -- Installing: /home/wzd/cpp/ROS2_topic/msg_interface_ws/install/msg_interface/share/ament_index/resource_index/parent_prefix_path/msg_interface
[2.321s] -- Installing: /home/wzd/cpp/ROS2_topic/msg_interface_ws/install/msg_interface/share/msg_interface/environment/ament_prefix_path.sh
[2.321s] -- Installing: /home/wzd/cpp/ROS2_topic/msg_interface_ws/install/msg_interface/share/msg_interface/environment/ament_prefix_path.dsv
[2.321s] -- Installing: /home/wzd/cpp/ROS2_topic/msg_interface_ws/install/msg_interface/share/msg_interface/environment/path.sh
[2.321s] -- Installing: /home/wzd/cpp/ROS2_topic/msg_interface_ws/install/msg_interface/share/msg_interface/environment/path.dsv
[2.322s] -- Installing: /home/wzd/cpp/ROS2_topic/msg_interface_ws/install/msg_interface/share/msg_interface/local_setup.bash
[2.322s] -- Installing: /home/wzd/cpp/ROS2_topic/msg_interface_ws/install/msg_interface/share/msg_interface/local_setup.sh
[2.322s] -- Installing: /home/wzd/cpp/ROS2_topic/msg_interface_ws/install/msg_interface/share/msg_interface/local_setup.zsh
[2.322s] -- Installing: /home/wzd/cpp/ROS2_topic/msg_interface_ws/install/msg_interface/share/msg_interface/local_setup.dsv
[2.322s] -- Installing: /home/wzd/cpp/ROS2_topic/msg_interface_ws/install/msg_interface/share/msg_interface/package.dsv
[2.322s] -- Installing: /home/wzd/cpp/ROS2_topic/msg_interface_ws/install/msg_interface/share/ament_index/resource_index/packages/msg_interface
[2.322s] -- Installing: /home/wzd/cpp/ROS2_topic/msg_interface_ws/install/msg_interface/share/msg_interface/cmake/export_msg_interface__rosidl_generator_cExport.cmake
[2.323s] -- Installing: /home/wzd/cpp/ROS2_topic/msg_interface_ws/install/msg_interface/share/msg_interface/cmake/export_msg_interface__rosidl_generator_cExport-noconfig.cmake
[2.323s] -- Installing: /home/wzd/cpp/ROS2_topic/msg_interface_ws/install/msg_interface/share/msg_interface/cmake/export_msg_interface__rosidl_typesupport_fastrtps_cExport.cmake
[2.323s] -- Installing: /home/wzd/cpp/ROS2_topic/msg_interface_ws/install/msg_interface/share/msg_interface/cmake/export_msg_interface__rosidl_typesupport_fastrtps_cExport-noconfig.cmake
[2.323s] -- Installing: /home/wzd/cpp/ROS2_topic/msg_interface_ws/install/msg_interface/share/msg_interface/cmake/export_msg_interface__rosidl_generator_cppExport.cmake
[2.323s] -- Installing: /home/wzd/cpp/ROS2_topic/msg_interface_ws/install/msg_interface/share/msg_interface/cmake/export_msg_interface__rosidl_typesupport_fastrtps_cppExport.cmake
[2.323s] -- Installing: /home/wzd/cpp/ROS2_topic/msg_interface_ws/install/msg_interface/share/msg_interface/cmake/export_msg_interface__rosidl_typesupport_fastrtps_cppExport-noconfig.cmake
[2.323s] -- Installing: /home/wzd/cpp/ROS2_topic/msg_interface_ws/install/msg_interface/share/msg_interface/cmake/msg_interface__rosidl_typesupport_introspection_cExport.cmake
[2.323s] -- Installing: /home/wzd/cpp/ROS2_topic/msg_interface_ws/install/msg_interface/share/msg_interface/cmake/msg_interface__rosidl_typesupport_introspection_cExport-noconfig.cmake
[2.324s] -- Installing: /home/wzd/cpp/ROS2_topic/msg_interface_ws/install/msg_interface/share/msg_interface/cmake/msg_interface__rosidl_typesupport_cExport.cmake
[2.324s] -- Installing: /home/wzd/cpp/ROS2_topic/msg_interface_ws/install/msg_interface/share/msg_interface/cmake/msg_interface__rosidl_typesupport_cExport-noconfig.cmake
[2.324s] -- Installing: /home/wzd/cpp/ROS2_topic/msg_interface_ws/install/msg_interface/share/msg_interface/cmake/msg_interface__rosidl_typesupport_introspection_cppExport.cmake
[2.324s] -- Installing: /home/wzd/cpp/ROS2_topic/msg_interface_ws/install/msg_interface/share/msg_interface/cmake/msg_interface__rosidl_typesupport_introspection_cppExport-noconfig.cmake
[2.324s] -- Installing: /home/wzd/cpp/ROS2_topic/msg_interface_ws/install/msg_interface/share/msg_interface/cmake/msg_interface__rosidl_typesupport_cppExport.cmake
[2.324s] -- Installing: /home/wzd/cpp/ROS2_topic/msg_interface_ws/install/msg_interface/share/msg_interface/cmake/msg_interface__rosidl_typesupport_cppExport-noconfig.cmake
[2.324s] -- Installing: /home/wzd/cpp/ROS2_topic/msg_interface_ws/install/msg_interface/share/msg_interface/cmake/export_msg_interface__rosidl_generator_pyExport.cmake
[2.325s] -- Installing: /home/wzd/cpp/ROS2_topic/msg_interface_ws/install/msg_interface/share/msg_interface/cmake/export_msg_interface__rosidl_generator_pyExport-noconfig.cmake
[2.325s] -- Installing: /home/wzd/cpp/ROS2_topic/msg_interface_ws/install/msg_interface/share/msg_interface/cmake/rosidl_cmake-extras.cmake
[2.325s] -- Installing: /home/wzd/cpp/ROS2_topic/msg_interface_ws/install/msg_interface/share/msg_interface/cmake/ament_cmake_export_dependencies-extras.cmake
[2.325s] -- Installing: /home/wzd/cpp/ROS2_topic/msg_interface_ws/install/msg_interface/share/msg_interface/cmake/ament_cmake_export_include_directories-extras.cmake
[2.325s] -- Installing: /home/wzd/cpp/ROS2_topic/msg_interface_ws/install/msg_interface/share/msg_interface/cmake/ament_cmake_export_libraries-extras.cmake
[2.325s] -- Installing: /home/wzd/cpp/ROS2_topic/msg_interface_ws/install/msg_interface/share/msg_interface/cmake/ament_cmake_export_targets-extras.cmake
[2.325s] -- Installing: /home/wzd/cpp/ROS2_topic/msg_interface_ws/install/msg_interface/share/msg_interface/cmake/rosidl_cmake_export_typesupport_targets-extras.cmake
[2.325s] -- Installing: /home/wzd/cpp/ROS2_topic/msg_interface_ws/install/msg_interface/share/msg_interface/cmake/rosidl_cmake_export_typesupport_libraries-extras.cmake
[2.326s] -- Installing: /home/wzd/cpp/ROS2_topic/msg_interface_ws/install/msg_interface/share/msg_interface/cmake/msg_interfaceConfig.cmake
[2.326s] -- Installing: /home/wzd/cpp/ROS2_topic/msg_interface_ws/install/msg_interface/share/msg_interface/cmake/msg_interfaceConfig-version.cmake
[2.326s] -- Installing: /home/wzd/cpp/ROS2_topic/msg_interface_ws/install/msg_interface/share/msg_interface/package.xml
[2.328s] Invoked command in '/home/wzd/cpp/ROS2_topic/msg_interface_ws/build/msg_interface' returned '0': CMAKE_PREFIX_PATH=/opt/ros/humble /usr/bin/cmake --install /home/wzd/cpp/ROS2_topic/msg_interface_ws/build/msg_interface
