[0.029s] Invoking command in '/home/wzd/cpp/ROS2_topic/topic_ws/build/demo_cpp_topic': CMAKE_PREFIX_PATH=/opt/ros/humble /usr/bin/cmake /home/wzd/cpp/ROS2_topic/topic_ws/demo_cpp_topic -DCMAKE_INSTALL_PREFIX=/home/wzd/cpp/ROS2_topic/topic_ws/install/demo_cpp_topic
[0.170s] -- The C compiler identification is GNU 11.4.0
[0.319s] -- The CXX compiler identification is GNU 11.4.0
[0.341s] -- Detecting C compiler ABI info
[0.542s] -- Detecting C compiler ABI info - done
[0.560s] -- Check for working C compiler: /usr/bin/cc - skipped
[0.561s] -- Detecting C compile features
[0.562s] -- Detecting C compile features - done
[0.571s] -- Detecting CXX compiler ABI info
[0.806s] -- Detecting CXX compiler ABI info - done
[0.824s] -- Check for working CXX compiler: /usr/bin/c++ - skipped
[0.825s] -- Detecting CXX compile features
[0.827s] -- Detecting CXX compile features - done
[0.833s] -- Found ament_cmake: 1.3.12 (/opt/ros/humble/share/ament_cmake/cmake)
[1.222s] -- Found Python3: /usr/bin/python3 (found version "3.10.12") found components: Interpreter 
[1.443s] -- Found rclcpp: 16.0.15 (/opt/ros/humble/share/rclcpp/cmake)
[1.539s] -- Found rosidl_generator_c: 3.1.7 (/opt/ros/humble/share/rosidl_generator_c/cmake)
[1.550s] -- Found rosidl_adapter: 3.1.7 (/opt/ros/humble/share/rosidl_adapter/cmake)
[1.569s] -- Found rosidl_generator_cpp: 3.1.7 (/opt/ros/humble/share/rosidl_generator_cpp/cmake)
[1.598s] -- Using all available rosidl_typesupport_c: rosidl_typesupport_fastrtps_c;rosidl_typesupport_introspection_c
[1.642s] -- Using all available rosidl_typesupport_cpp: rosidl_typesupport_fastrtps_cpp;rosidl_typesupport_introspection_cpp
[1.761s] -- Found rmw_implementation_cmake: 6.1.2 (/opt/ros/humble/share/rmw_implementation_cmake/cmake)
[1.767s] -- Found rmw_fastrtps_cpp: 6.2.9 (/opt/ros/humble/share/rmw_fastrtps_cpp/cmake)
[2.036s] -- Found OpenSSL: /usr/lib/x86_64-linux-gnu/libcrypto.so (found version "3.0.2")  
[2.117s] -- Found FastRTPS: /opt/ros/humble/include  
[2.235s] -- Using RMW implementation 'rmw_fastrtps_cpp' as default
[2.257s] -- Looking for pthread.h
[2.474s] -- Looking for pthread.h - found
[2.475s] -- Performing Test CMAKE_HAVE_LIBC_PTHREAD
[2.688s] -- Performing Test CMAKE_HAVE_LIBC_PTHREAD - Success
[2.691s] -- Found Threads: TRUE  
[2.824s] -- Found geometry_msgs: 4.9.0 (/opt/ros/humble/share/geometry_msgs/cmake)
[2.860s] -- Found turtlesim: 1.4.3 (/opt/ros/humble/share/turtlesim/cmake)
[2.969s] -- Found ament_lint_auto: 0.12.14 (/opt/ros/humble/share/ament_lint_auto/cmake)
[3.180s] -- Added test 'cppcheck' to perform static code analysis on C / C++ code
[3.180s] -- Configured cppcheck include dirs: 
[3.180s] -- Configured cppcheck exclude dirs and/or files: 
[3.181s] -- Added test 'lint_cmake' to check CMake code style
[3.184s] -- Added test 'uncrustify' to check C / C++ code style
[3.185s] -- Configured uncrustify additional arguments: 
[3.185s] -- Added test 'xmllint' to check XML markup files
[3.189s] -- Configuring done
[3.214s] -- Generating done
[3.224s] -- Build files have been written to: /home/wzd/cpp/ROS2_topic/topic_ws/build/demo_cpp_topic
[3.245s] Invoked command in '/home/wzd/cpp/ROS2_topic/topic_ws/build/demo_cpp_topic' returned '0': CMAKE_PREFIX_PATH=/opt/ros/humble /usr/bin/cmake /home/wzd/cpp/ROS2_topic/topic_ws/demo_cpp_topic -DCMAKE_INSTALL_PREFIX=/home/wzd/cpp/ROS2_topic/topic_ws/install/demo_cpp_topic
[3.251s] Invoking command in '/home/wzd/cpp/ROS2_topic/topic_ws/build/demo_cpp_topic': CMAKE_PREFIX_PATH=/opt/ros/humble /usr/bin/cmake --build /home/wzd/cpp/ROS2_topic/topic_ws/build/demo_cpp_topic -- -j16 -l16
[3.382s] [ 50%] [32mBuilding CXX object CMakeFiles/turtle_circle.dir/src/turtle_circle.cpp.o[0m
[9.278s] [100%] [32m[1mLinking CXX executable turtle_circle[0m
[9.431s] [100%] Built target turtle_circle
[9.445s] Invoked command in '/home/wzd/cpp/ROS2_topic/topic_ws/build/demo_cpp_topic' returned '0': CMAKE_PREFIX_PATH=/opt/ros/humble /usr/bin/cmake --build /home/wzd/cpp/ROS2_topic/topic_ws/build/demo_cpp_topic -- -j16 -l16
[9.456s] Invoking command in '/home/wzd/cpp/ROS2_topic/topic_ws/build/demo_cpp_topic': CMAKE_PREFIX_PATH=/opt/ros/humble /usr/bin/cmake --install /home/wzd/cpp/ROS2_topic/topic_ws/build/demo_cpp_topic
[9.463s] -- Install configuration: ""
[9.463s] -- Installing: /home/wzd/cpp/ROS2_topic/topic_ws/install/demo_cpp_topic/lib/demo_cpp_topic/turtle_circle
[9.464s] -- Set runtime path of "/home/wzd/cpp/ROS2_topic/topic_ws/install/demo_cpp_topic/lib/demo_cpp_topic/turtle_circle" to ""
[9.464s] -- Installing: /home/wzd/cpp/ROS2_topic/topic_ws/install/demo_cpp_topic/share/ament_index/resource_index/package_run_dependencies/demo_cpp_topic
[9.464s] -- Installing: /home/wzd/cpp/ROS2_topic/topic_ws/install/demo_cpp_topic/share/ament_index/resource_index/parent_prefix_path/demo_cpp_topic
[9.464s] -- Installing: /home/wzd/cpp/ROS2_topic/topic_ws/install/demo_cpp_topic/share/demo_cpp_topic/environment/ament_prefix_path.sh
[9.465s] -- Installing: /home/wzd/cpp/ROS2_topic/topic_ws/install/demo_cpp_topic/share/demo_cpp_topic/environment/ament_prefix_path.dsv
[9.465s] -- Installing: /home/wzd/cpp/ROS2_topic/topic_ws/install/demo_cpp_topic/share/demo_cpp_topic/environment/path.sh
[9.465s] -- Installing: /home/wzd/cpp/ROS2_topic/topic_ws/install/demo_cpp_topic/share/demo_cpp_topic/environment/path.dsv
[9.465s] -- Installing: /home/wzd/cpp/ROS2_topic/topic_ws/install/demo_cpp_topic/share/demo_cpp_topic/local_setup.bash
[9.465s] -- Installing: /home/wzd/cpp/ROS2_topic/topic_ws/install/demo_cpp_topic/share/demo_cpp_topic/local_setup.sh
[9.465s] -- Installing: /home/wzd/cpp/ROS2_topic/topic_ws/install/demo_cpp_topic/share/demo_cpp_topic/local_setup.zsh
[9.465s] -- Installing: /home/wzd/cpp/ROS2_topic/topic_ws/install/demo_cpp_topic/share/demo_cpp_topic/local_setup.dsv
[9.465s] -- Installing: /home/wzd/cpp/ROS2_topic/topic_ws/install/demo_cpp_topic/share/demo_cpp_topic/package.dsv
[9.466s] -- Installing: /home/wzd/cpp/ROS2_topic/topic_ws/install/demo_cpp_topic/share/ament_index/resource_index/packages/demo_cpp_topic
[9.466s] -- Installing: /home/wzd/cpp/ROS2_topic/topic_ws/install/demo_cpp_topic/share/demo_cpp_topic/cmake/demo_cpp_topicConfig.cmake
[9.466s] -- Installing: /home/wzd/cpp/ROS2_topic/topic_ws/install/demo_cpp_topic/share/demo_cpp_topic/cmake/demo_cpp_topicConfig-version.cmake
[9.466s] -- Installing: /home/wzd/cpp/ROS2_topic/topic_ws/install/demo_cpp_topic/share/demo_cpp_topic/package.xml
[9.468s] Invoked command in '/home/wzd/cpp/ROS2_topic/topic_ws/build/demo_cpp_topic' returned '0': CMAKE_PREFIX_PATH=/opt/ros/humble /usr/bin/cmake --install /home/wzd/cpp/ROS2_topic/topic_ws/build/demo_cpp_topic
